Component: ARM Compiler 5.06 update 5 (build 528) Tool: armlink [4d35e2]

==============================================================================

Section Cross References

    startup_stm32f10x_md.o(STACK) refers (Special) to heapauxi.o(.text) for __use_two_region_memory
    startup_stm32f10x_md.o(HEAP) refers (Special) to heapauxi.o(.text) for __use_two_region_memory
    startup_stm32f10x_md.o(RESET) refers (Special) to heapauxi.o(.text) for __use_two_region_memory
    startup_stm32f10x_md.o(RESET) refers to startup_stm32f10x_md.o(STACK) for __initial_sp
    startup_stm32f10x_md.o(RESET) refers to startup_stm32f10x_md.o(.text) for Reset_Handler
    startup_stm32f10x_md.o(RESET) refers to stm32f10x_it.o(i.NMI_Handler) for NMI_Handler
    startup_stm32f10x_md.o(RESET) refers to stm32f10x_it.o(i.HardFault_Handler) for HardFault_Handler
    startup_stm32f10x_md.o(RESET) refers to stm32f10x_it.o(i.MemManage_Handler) for MemManage_Handler
    startup_stm32f10x_md.o(RESET) refers to stm32f10x_it.o(i.BusFault_Handler) for BusFault_Handler
    startup_stm32f10x_md.o(RESET) refers to stm32f10x_it.o(i.UsageFault_Handler) for UsageFault_Handler
    startup_stm32f10x_md.o(RESET) refers to stm32f10x_it.o(i.SVC_Handler) for SVC_Handler
    startup_stm32f10x_md.o(RESET) refers to stm32f10x_it.o(i.DebugMon_Handler) for DebugMon_Handler
    startup_stm32f10x_md.o(RESET) refers to stm32f10x_it.o(i.PendSV_Handler) for PendSV_Handler
    startup_stm32f10x_md.o(RESET) refers to stm32f10x_it.o(i.SysTick_Handler) for SysTick_Handler
    startup_stm32f10x_md.o(RESET) refers to timer.o(i.TIM4_IRQHandler) for TIM4_IRQHandler
    startup_stm32f10x_md.o(RESET) refers to mpu6050_exti.o(i.EXTI15_10_IRQHandler) for EXTI15_10_IRQHandler
    startup_stm32f10x_md.o(.text) refers (Special) to heapauxi.o(.text) for __use_two_region_memory
    startup_stm32f10x_md.o(.text) refers to system_stm32f10x.o(i.SystemInit) for SystemInit
    startup_stm32f10x_md.o(.text) refers to __main.o(!!!main) for __main
    startup_stm32f10x_md.o(.text) refers to startup_stm32f10x_md.o(HEAP) for Heap_Mem
    startup_stm32f10x_md.o(.text) refers to startup_stm32f10x_md.o(STACK) for Stack_Mem
    system_stm32f10x.o(i.SetSysClock) refers to system_stm32f10x.o(i.SetSysClockTo72) for SetSysClockTo72
    system_stm32f10x.o(i.SystemCoreClockUpdate) refers to system_stm32f10x.o(.data) for SystemCoreClock
    system_stm32f10x.o(i.SystemInit) refers to system_stm32f10x.o(i.SetSysClock) for SetSysClock
    stm32f10x_adc.o(i.ADC_DeInit) refers to stm32f10x_rcc.o(i.RCC_APB2PeriphResetCmd) for RCC_APB2PeriphResetCmd
    stm32f10x_bkp.o(i.BKP_DeInit) refers to stm32f10x_rcc.o(i.RCC_BackupResetCmd) for RCC_BackupResetCmd
    stm32f10x_can.o(i.CAN_DeInit) refers to stm32f10x_rcc.o(i.RCC_APB1PeriphResetCmd) for RCC_APB1PeriphResetCmd
    stm32f10x_can.o(i.CAN_GetITStatus) refers to stm32f10x_can.o(i.CheckITStatus) for CheckITStatus
    stm32f10x_cec.o(i.CEC_DeInit) refers to stm32f10x_rcc.o(i.RCC_APB1PeriphResetCmd) for RCC_APB1PeriphResetCmd
    stm32f10x_dac.o(i.DAC_DeInit) refers to stm32f10x_rcc.o(i.RCC_APB1PeriphResetCmd) for RCC_APB1PeriphResetCmd
    stm32f10x_flash.o(i.FLASH_EnableWriteProtection) refers to stm32f10x_flash.o(i.FLASH_WaitForLastOperation) for FLASH_WaitForLastOperation
    stm32f10x_flash.o(i.FLASH_EraseAllBank1Pages) refers to stm32f10x_flash.o(i.FLASH_WaitForLastBank1Operation) for FLASH_WaitForLastBank1Operation
    stm32f10x_flash.o(i.FLASH_EraseAllPages) refers to stm32f10x_flash.o(i.FLASH_WaitForLastOperation) for FLASH_WaitForLastOperation
    stm32f10x_flash.o(i.FLASH_EraseOptionBytes) refers to stm32f10x_flash.o(i.FLASH_GetReadOutProtectionStatus) for FLASH_GetReadOutProtectionStatus
    stm32f10x_flash.o(i.FLASH_EraseOptionBytes) refers to stm32f10x_flash.o(i.FLASH_WaitForLastOperation) for FLASH_WaitForLastOperation
    stm32f10x_flash.o(i.FLASH_ErasePage) refers to stm32f10x_flash.o(i.FLASH_WaitForLastOperation) for FLASH_WaitForLastOperation
    stm32f10x_flash.o(i.FLASH_ProgramHalfWord) refers to stm32f10x_flash.o(i.FLASH_WaitForLastOperation) for FLASH_WaitForLastOperation
    stm32f10x_flash.o(i.FLASH_ProgramOptionByteData) refers to stm32f10x_flash.o(i.FLASH_WaitForLastOperation) for FLASH_WaitForLastOperation
    stm32f10x_flash.o(i.FLASH_ProgramWord) refers to stm32f10x_flash.o(i.FLASH_WaitForLastOperation) for FLASH_WaitForLastOperation
    stm32f10x_flash.o(i.FLASH_ReadOutProtection) refers to stm32f10x_flash.o(i.FLASH_WaitForLastOperation) for FLASH_WaitForLastOperation
    stm32f10x_flash.o(i.FLASH_UserOptionByteConfig) refers to stm32f10x_flash.o(i.FLASH_WaitForLastOperation) for FLASH_WaitForLastOperation
    stm32f10x_flash.o(i.FLASH_WaitForLastBank1Operation) refers to stm32f10x_flash.o(i.FLASH_GetBank1Status) for FLASH_GetBank1Status
    stm32f10x_flash.o(i.FLASH_WaitForLastOperation) refers to stm32f10x_flash.o(i.FLASH_GetBank1Status) for FLASH_GetBank1Status
[...]
    i.sqrt                                   0x08005124   Section        0  sqrt.o(i.sqrt)
    i.turn_speed_xianfu                      0x08005170   Section        0  mpu6050_exti.o(i.turn_speed_xianfu)
    i.velocity_PID_value                     0x08005194   Section        0  pid.o(i.velocity_PID_value)
    i.vertical_PID_value                     0x08005234   Section        0  pid.o(i.vertical_PID_value)
    i.xianfu                                 0x080052d0   Section        0  pid.o(i.xianfu)
    x$fpl$d2f                                0x08005318   Section       98  d2f.o(x$fpl$d2f)
    x$fpl$dadd                               0x0800537c   Section      336  daddsub_clz.o(x$fpl$dadd)
    _dadd1                                   0x0800538d   Thumb Code     0  daddsub_clz.o(x$fpl$dadd)
    x$fpl$dcheck1                            0x080054cc   Section       16  dcheck1.o(x$fpl$dcheck1)
    x$fpl$ddiv                               0x080054dc   Section      688  ddiv.o(x$fpl$ddiv)
    ddiv_entry                               0x080054e3   Thumb Code     0  ddiv.o(x$fpl$ddiv)
    x$fpl$dmul                               0x0800578c   Section      340  dmul.o(x$fpl$dmul)
    x$fpl$dnaninf                            0x080058e0   Section      156  dnaninf.o(x$fpl$dnaninf)
    x$fpl$dretinf                            0x0800597c   Section       12  dretinf.o(x$fpl$dretinf)
    x$fpl$drsb                               0x08005988   Section       22  daddsub_clz.o(x$fpl$drsb)
    x$fpl$dsqrt                              0x080059a0   Section      460  dsqrt_noumaal.o(x$fpl$dsqrt)
    x$fpl$dsub                               0x08005b6c   Section      468  daddsub_clz.o(x$fpl$dsub)
    _dsub1                                   0x08005b7d   Thumb Code     0  daddsub_clz.o(x$fpl$dsub)
    x$fpl$f2d                                0x08005d40   Section       86  f2d.o(x$fpl$f2d)
    x$fpl$fadd                               0x08005d98   Section      196  faddsub_clz.o(x$fpl$fadd)
    _fadd1                                   0x08005da7   Thumb Code     0  faddsub_clz.o(x$fpl$fadd)
    x$fpl$fcmpinf                            0x08005e5c   Section       24  fcmpi.o(x$fpl$fcmpinf)
    x$fpl$fdiv                               0x08005e74   Section      388  fdiv.o(x$fpl$fdiv)
    _fdiv1                                   0x08005e75   Thumb Code     0  fdiv.o(x$fpl$fdiv)
    x$fpl$feqf                               0x08005ff8   Section      104  feqf.o(x$fpl$feqf)
    x$fpl$ffix                               0x08006060   Section       54  ffix.o(x$fpl$ffix)
    x$fpl$ffixu                              0x08006098   Section       62  ffixu.o(x$fpl$ffixu)
    x$fpl$fflt                               0x080060d8   Section       48  fflt_clz.o(x$fpl$fflt)
    x$fpl$ffltu                              0x08006108   Section       38  fflt_clz.o(x$fpl$ffltu)
    x$fpl$fleqf                              0x08006130   Section      104  fleqf.o(x$fpl$fleqf)
    x$fpl$fmul                               0x08006198   Section      258  fmul.o(x$fpl$fmul)
    x$fpl$fnaninf                            0x0800629a   Section      140  fnaninf.o(x$fpl$fnaninf)
    x$fpl$fretinf                            0x08006326   Section       10  fretinf.o(x$fpl$fretinf)
    x$fpl$frleqf                             0x08006330   Section       98  frleqf.o(x$fpl$frleqf)
    x$fpl$frsb                               0x08006392   Section       20  faddsub_clz.o(x$fpl$frsb)
    x$fpl$fsub                               0x080063a8   Section      234  faddsub_clz.o(x$fpl$fsub)
    _fsub1                                   0x080063b7   Thumb Code     0  faddsub_clz.o(x$fpl$fsub)
    x$fpl$retnan                             0x08006492   Section      100  retnan.o(x$fpl$retnan)
    x$fpl$scalbn                             0x080064f6   Section       92  scalbn.o(x$fpl$scalbn)
    x$fpl$trapveneer                         0x08006552   Section       48  trapv.o(x$fpl$trapveneer)
    .constdata                               0x08006582   Section     1520  oled.o(.constdata)
    x$fpl$usenofp                            0x08006582   Section        0  usenofp.o(x$fpl$usenofp)
    .constdata                               0x08006b74   Section       80  inv_mpu.o(.constdata)
    .constdata                               0x08006bc4   Section     3062  inv_mpu_dmp_motion_driver.o(.constdata)
    dmp_memory                               0x08006bc4   Data        3062  inv_mpu_dmp_motion_driver.o(.constdata)
    .constdata                               0x080077ba   Section       10  nrf24l01.o(.constdata)
    .constdata                               0x080077c8   Section       80  asin.o(.constdata)
    pS                                       0x080077c8   Data          48  asin.o(.constdata)
    qS                                       0x080077f8   Data          32  asin.o(.constdata)
    .constdata                               0x08007818   Section      152  atan.o(.constdata)
    atanhi                                   0x08007818   Data          32  atan.o(.constdata)
    atanlo                                   0x08007838   Data          32  atan.o(.constdata)
    aTodd                                    0x08007858   Data          40  atan.o(.constdata)
    aTeven                                   0x08007880   Data          48  atan.o(.constdata)
    .constdata                               0x080078b0   Section        8  qnan.o(.constdata)
    .data                                    0x20000000   Section       24  main.o(.data)
    .data                                    0x20000018   Section       53  inv_mpu.o(.data)
    st                                       0x20000018   Data          44  inv_mpu.o(.data)
    gyro_orientation                         0x20000044   Data           9  inv_mpu.o(.data)
    .data                                    0x20000050   Section       48  mpu6050_exti.o(.data)
    .data                                    0x20000080   Section       32  pid.o(.data)
    .data                                    0x200000a0   Section       20  nrfrx.o(.data)
    .data                                    0x200000b4   Section       12  timer.o(.data)
    state2ms                                 0x200000b9   Data           1  timer.o(.data)
    state4ms                                 0x200000ba   Data           1  timer.o(.data)
    state8ms                                 0x200000bb   Data           1  timer.o(.data)
    state30ms                                0x200000bc   Data           2  timer.o(.data)
    state60ms                                0x200000be   Data           2  timer.o(.data)
    .bss                                     0x200000c0   Section       16  inv_mpu_dmp_motion_driver.o(.bss)
    dmp                                      0x200000c0   Data          16  inv_mpu_dmp_motion_driver.o(.bss)
    .bss                                     0x200000d0   Section       56  nrfrx.o(.bss)
    .bss                                     0x20000108   Section       96  libspace.o(.bss)
    HEAP                                     0x20000168   Section      512  startup_stm32f10x_md.o(HEAP)
    Heap_Mem                                 0x20000168   Data         512  startup_stm32f10x_md.o(HEAP)
    STACK                                    0x20000368   Section     1024  startup_stm32f10x_md.o(STACK)
    Stack_Mem                                0x20000368   Data        1024  startup_stm32f10x_md.o(STACK)
    __initial_sp                             0x20000768   Data           0  startup_stm32f10x_md.o(STACK)

    Global Symbols

    Symbol Name                              Value     Ov Type        Size  Object(Section)

    BuildAttributes$$THM_ISAv4$P$D$K$B$S$PE$A:L22UL41UL21$X:L11$S22US41US21$IEEE1$IW$USESV6$~STKCKD$USESV7$~SHL$OTIME$ROPI$IEEEX$EBA8$UX$STANDARDLIB$REQ8$PRES8$EABIv2 0x00000000   Number         0  anon$$obj.o ABSOLUTE
    __ARM_use_no_argv                        0x00000000   Number         0  main.o ABSOLUTE
    __ARM_exceptions_init                     - Undefined Weak Reference
    __alloca_initialize                       - Undefined Weak Reference
    __arm_preinit_                            - Undefined Weak Reference
    __cpp_initialize__aeabi_                  - Undefined Weak Reference
    __cxa_finalize                            - Undefined Weak Reference
    __rt_locale                               - Undefined Weak Reference
    __sigvec_lookup                           - Undefined Weak Reference
    _atexit_init                              - Undefined Weak Reference
    _call_atexit_fns                          - Undefined Weak Reference
    _clock_init                               - Undefined Weak Reference
    _fp_trap_init                             - Undefined Weak Reference
    _fp_trap_shutdown                         - Undefined Weak Reference
    _get_lc_collate                           - Undefined Weak Reference
    _get_lc_ctype                             - Undefined Weak Reference
    _get_lc_monetary                          - Undefined Weak Reference
    _get_lc_numeric                           - Undefined Weak Reference
    _get_lc_time                              - Undefined Weak Reference
    _getenv_init                              - Undefined Weak Reference
    _handle_redirection                       - Undefined Weak Reference
    _init_alloc                               - Undefined Weak Reference
    _init_user_alloc                          - Undefined Weak Reference
    _initio                                   - Undefined Weak Reference
    _rand_init                                - Undefined Weak Reference
    _signal_finish                            - Undefined Weak Reference
    _signal_init                              - Undefined Weak Reference
    _terminate_alloc                          - Undefined Weak Reference
    _terminate_user_alloc                     - Undefined Weak Reference
    _terminateio                              - Undefined Weak Reference
    __Vectors_Size                           0x000000ec   Number         0  startup_stm32f10x_md.o ABSOLUTE
    __Vectors                                0x08000000   Data           4  startup_stm32f10x_md.o(RESET)
    __Vectors_End                            0x080000ec   Data           0  startup_stm32f10x_md.o(RESET)
    __main                                   0x080000ed   Thumb Code     8  __main.o(!!!main)
    __scatterload                            0x080000f5   Thumb Code     0  __scatter.o(!!!scatter)
    __scatterload_rt2                        0x080000f5   Thumb Code    44  __scatter.o(!!!scatter)
    __scatterload_rt2_thumb_only             0x080000f5   Thumb Code     0  __scatter.o(!!!scatter)
    __scatterload_null                       0x08000103   Thumb Code     0  __scatter.o(!!!scatter)
    __scatterload_copy                       0x08000129   Thumb Code    26  __scatter_copy.o(!!handler_copy)
    __scatterload_zeroinit                   0x08000145   Thumb Code    28  __scatter_zi.o(!!handler_zi)
    __rt_lib_init                            0x08000161   Thumb Code     0  libinit.o(.ARM.Collect$$libinit$$00000000)
    __rt_lib_init_alloca_1                   0x08000163   Thumb Code     0  libinit2.o(.ARM.Collect$$libinit$$0000002E)
    __rt_lib_init_argv_1                     0x08000163   Thumb Code     0  libinit2.o(.ARM.Collect$$libinit$$0000002C)
    __rt_lib_init_atexit_1                   0x08000163   Thumb Code     0  libinit2.o(.ARM.Collect$$libinit$$0000001B)
    __rt_lib_init_clock_1                    0x08000163   Thumb Code     0  libinit2.o(.ARM.Collect$$libinit$$00000021)
    __rt_lib_init_cpp_1                      0x08000163   Thumb Code     0  libinit2.o(.ARM.Collect$$libinit$$00000032)
    __rt_lib_init_exceptions_1               0x08000163   Thumb Code     0  libinit2.o(.ARM.Collect$$libinit$$00000030)
    __rt_lib_init_fp_1                       0x08000163   Thumb Code     0  libinit2.o(.ARM.Collect$$libinit$$00000002)
    __rt_lib_init_fp_trap_1                  0x08000163   Thumb Code     0  libinit2.o(.ARM.Collect$$libinit$$0000001F)
    __rt_lib_init_getenv_1                   0x08000163   Thumb Code     0  libinit2.o(.ARM.Collect$$libinit$$00000023)
    __rt_lib_init_heap_1                     0x08000163   Thumb Code     0  libinit2.o(.ARM.Collect$$libinit$$0000000A)
    __rt_lib_init_lc_collate_1               0x08000163   Thumb Code     0  libinit2.o(.ARM.Collect$$libinit$$00000011)
    __rt_lib_init_lc_ctype_1                 0x08000163   Thumb Code     0  libinit2.o(.ARM.Collect$$libinit$$00000013)
    __rt_lib_init_lc_monetary_1              0x08000163   Thumb Code     0  libinit2.o(.ARM.Collect$$libinit$$00000015)
    __rt_lib_init_lc_numeric_1               0x08000163   Thumb Code     0  libinit2.o(.ARM.Collect$$libinit$$00000017)
    __rt_lib_init_lc_time_1                  0x08000163   Thumb Code     0  libinit2.o(.ARM.Collect$$libinit$$00000019)
    __rt_lib_init_preinit_1                  0x08000163   Thumb Code     0  libinit2.o(.ARM.Collect$$libinit$$00000004)
    __rt_lib_init_rand_1                     0x08000163   Thumb Code     0  libinit2.o(.ARM.Collect$$libinit$$0000000E)
    __rt_lib_init_return                     0x08000163   Thumb Code     0  libinit2.o(.ARM.Collect$$libinit$$00000033)
    __rt_lib_init_signal_1                   0x08000163   Thumb Code     0  libinit2.o(.ARM.Collect$$libinit$$0000001D)
    __rt_lib_init_stdio_1                    0x08000163   Thumb Code     0  libinit2.o(.ARM.Collect$$libinit$$00000025)
    __rt_lib_init_user_alloc_1               0x08000163   Thumb Code     0  libinit2.o(.ARM.Collect$$libinit$$0000000C)
    __rt_lib_shutdown                        0x08000165   Thumb Code     0  libshutdown.o(.ARM.Collect$$libshutdown$$00000000)
    __rt_lib_shutdown_cpp_1                  0x08000167   Thumb Code     0  libshutdown2.o(.ARM.Collect$$libshutdown$$00000002)
    __rt_lib_shutdown_fp_trap_1              0x08000167   Thumb Code     0  libshutdown2.o(.ARM.Collect$$libshutdown$$00000007)
    __rt_lib_shutdown_heap_1                 0x08000167   Thumb Code     0  libshutdown2.o(.ARM.Collect$$libshutdown$$0000000F)
    __rt_lib_shutdown_return                 0x08000167   Thumb Code     0  libshutdown2.o(.ARM.Collect$$libshutdown$$00000010)
    __rt_lib_shutdown_signal_1               0x08000167   Thumb Code     0  libshutdown2.o(.ARM.Collect$$libshutdown$$0000000A)
    __rt_lib_shutdown_stdio_1                0x08000167   Thumb Code     0  libshutdown2.o(.ARM.Collect$$libshutdown$$00000004)
    __rt_lib_shutdown_user_alloc_1           0x08000167   Thumb Code     0  libshutdown2.o(.ARM.Collect$$libshutdown$$0000000C)
    __rt_entry                               0x08000169   Thumb Code     0  __rtentry.o(.ARM.Collect$$rtentry$$00000000)
    __rt_entry_presh_1                       0x08000169   Thumb Code     0  __rtentry2.o(.ARM.Collect$$rtentry$$00000002)
    __rt_entry_sh                            0x08000169   Thumb Code     0  __rtentry4.o(.ARM.Collect$$rtentry$$00000004)
    __rt_entry_li                            0x0800016f   Thumb Code     0  __rtentry2.o(.ARM.Collect$$rtentry$$0000000A)
    __rt_entry_postsh_1                      0x0800016f   Thumb Code     0  __rtentry2.o(.ARM.Collect$$rtentry$$00000009)
    __rt_entry_main                          0x08000173   Thumb Code     0  __rtentry2.o(.ARM.Collect$$rtentry$$0000000D)
    __rt_entry_postli_1                      0x08000173   Thumb Code     0  __rtentry2.o(.ARM.Collect$$rtentry$$0000000C)
    __rt_exit                                0x0800017b   Thumb Code     0  rtexit.o(.ARM.Collect$$rtexit$$00000000)
    __rt_exit_ls                             0x0800017d   Thumb Code     0  rtexit2.o(.ARM.Collect$$rtexit$$00000003)
    __rt_exit_prels_1                        0x0800017d   Thumb Code     0  rtexit2.o(.ARM.Collect$$rtexit$$00000002)
    __rt_exit_exit                           0x08000181   Thumb Code     0  rtexit2.o(.ARM.Collect$$rtexit$$00000004)
    Reset_Handler                            0x08000189   Thumb Code     8  startup_stm32f10x_md.o(.text)
    ADC1_2_IRQHandler                        0x080001a3   Thumb Code     0  startup_stm32f10x_md.o(.text)
    CAN1_RX1_IRQHandler                      0x080001a3   Thumb Code     0  startup_stm32f10x_md.o(.text)
    CAN1_SCE_IRQHandler                      0x080001a3   Thumb Code     0  startup_stm32f10x_md.o(.text)
    DMA1_Channel1_IRQHandler                 0x080001a3   Thumb Code     0  startup_stm32f10x_md.o(.text)
    DMA1_Channel2_IRQHandler                 0x080001a3   Thumb Code     0  startup_stm32f10x_md.o(.text)
    DMA1_Channel3_IRQHandler                 0x080001a3   Thumb Code     0  startup_stm32f10x_md.o(.text)
    DMA1_Channel4_IRQHandler                 0x080001a3   Thumb Code     0  startup_stm32f10x_md.o(.text)
    DMA1_Channel5_IRQHandler                 0x080001a3   Thumb Code     0  startup_stm32f10x_md.o(.text)
    DMA1_Channel6_IRQHandler                 0x080001a3   Thumb Code     0  startup_stm32f10x_md.o(.text)
    DMA1_Channel7_IRQHandler                 0x080001a3   Thumb Code     0  startup_stm32f10x_md.o(.text)
    EXTI0_IRQHandler                         0x080001a3   Thumb Code     0  startup_stm32f10x_md.o(.text)
    EXTI1_IRQHandler                         0x080001a3   Thumb Code     0  startup_stm32f10x_md.o(.text)
    EXTI2_IRQHandler                         0x080001a3   Thumb Code     0  startup_stm32f10x_md.o(.text)
    EXTI3_IRQHandler                         0x080001a3   Thumb Code     0  startup_stm32f10x_md.o(.text)
    EXTI4_IRQHandler                         0x080001a3   Thumb Code     0  startup_stm32f10x_md.o(.text)
    EXTI9_5_IRQHandler                       0x080001a3   Thumb Code     0  startup_stm32f10x_md.o(.text)
    FLASH_IRQHandler                         0x080001a3   Thumb Code     0  startup_stm32f10x_md.o(.text)
    I2C1_ER_IRQHandler                       0x080001a3   Thumb Code     0  startup_stm32f10x_md.o(.text)
    I2C1_EV_IRQHandler                       0x080001a3   Thumb Code     0  startup_stm32f10x_md.o(.text)
    I2C2_ER_IRQHandler                       0x080001a3   Thumb Code     0  startup_stm32f10x_md.o(.text)
    I2C2_EV_IRQHandler                       0x080001a3   Thumb Code     0  startup_stm32f10x_md.o(.text)
    PVD_IRQHandler                           0x080001a3   Thumb Code     0  startup_stm32f10x_md.o(.text)
    RCC_IRQHandler                           0x080001a3   Thumb Code     0  startup_stm32f10x_md.o(.text)
    RTCAlarm_IRQHandler                      0x080001a3   Thumb Code     0  startup_stm32f10x_md.o(.text)
    RTC_IRQHandler                           0x080001a3   Thumb Code     0  startup_stm32f10x_md.o(.text)
    SPI1_IRQHandler                          0x080001a3   Thumb Code     0  startup_stm32f10x_md.o(.text)
    SPI2_IRQHandler                          0x080001a3   Thumb Code     0  startup_stm32f10x_md.o(.text)
    TAMPER_IRQHandler                        0x080001a3   Thumb Code     0  startup_stm32f10x_md.o(.text)
    TIM1_BRK_IRQHandler                      0x080001a3   Thumb Code     0  startup_stm32f10x_md.o(.text)
    TIM1_CC_IRQHandler                       0x080001a3   Thumb Code     0  startup_stm32f10x_md.o(.text)
    TIM1_TRG_COM_IRQHandler                  0x080001a3   Thumb Code     0  startup_stm32f10x_md.o(.text)
    TIM1_UP_IRQHandler                       0x080001a3   Thumb Code     0  startup_stm32f10x_md.o(.text)
    TIM2_IRQHandler                          0x080001a3   Thumb Code     0  startup_stm32f10x_md.o(.text)
    TIM3_IRQHandler                          0x080001a3   Thumb Code     0  startup_stm32f10x_md.o(.text)
    USART1_IRQHandler                        0x080001a3   Thumb Code     0  startup_stm32f10x_md.o(.text)
    USART2_IRQHandler                        0x080001a3   Thumb Code     0  startup_stm32f10x_md.o(.text)
    USART3_IRQHandler                        0x080001a3   Thumb Code     0  startup_stm32f10x_md.o(.text)
    USBWakeUp_IRQHandler                     0x080001a3   Thumb Code     0  startup_stm32f10x_md.o(.text)
    USB_HP_CAN1_TX_IRQHandler                0x080001a3   Thumb Code     0  startup_stm32f10x_md.o(.text)
    USB_LP_CAN1_RX0_IRQHandler               0x080001a3   Thumb Code     0  startup_stm32f10x_md.o(.text)
    WWDG_IRQHandler                          0x080001a3   Thumb Code     0  startup_stm32f10x_md.o(.text)
    __user_initial_stackheap                 0x080001a5   Thumb Code     0  startup_stm32f10x_md.o(.text)
    __aeabi_ldivmod                          0x080001c9   Thumb Code     0  llsdiv.o(.text)
    _ll_sdiv                                 0x080001c9   Thumb Code    72  llsdiv.o(.text)
    memcmp                                   0x08000211   Thumb Code    88  memcmp.o(.text)
    __aeabi_memset                           0x08000269   Thumb Code    16  aeabi_memset.o(.text)
    __use_two_region_memory                  0x08000279   Thumb Code     2  heapauxi.o(.text)
    __rt_heap_escrow$2region                 0x0800027b   Thumb Code     2  heapauxi.o(.text)
    __rt_heap_expand$2region                 0x0800027d   Thumb Code     2  heapauxi.o(.text)
    __aeabi_uldivmod                         0x0800027f   Thumb Code     0  lludivv7m.o(.text)
    _ll_udiv                                 0x0800027f   Thumb Code   238  lludivv7m.o(.text)
    __read_errno                             0x0800036d   Thumb Code    10  _rserrno.o(.text)
    __set_errno                              0x08000377   Thumb Code    12  _rserrno.o(.text)
    __aeabi_memclr                           0x08000383   Thumb Code     0  rt_memclr.o(.text)
    __rt_memclr                              0x08000383   Thumb Code    68  rt_memclr.o(.text)
    _memset                                  0x08000387   Thumb Code     0  rt_memclr.o(.text)
    __aeabi_errno_addr                       0x080003c9   Thumb Code     8  rt_errno_addr_intlibspace.o(.text)
    __errno$intlibspace                      0x080003c9   Thumb Code     0  rt_errno_addr_intlibspace.o(.text)
    __rt_errno_addr$intlibspace              0x080003c9   Thumb Code     0  rt_errno_addr_intlibspace.o(.text)
    __aeabi_memclr4                          0x080003d1   Thumb Code     0  rt_memclr_w.o(.text)
    __aeabi_memclr8                          0x080003d1   Thumb Code     0  rt_memclr_w.o(.text)
    __rt_memclr_w                            0x080003d1   Thumb Code    78  rt_memclr_w.o(.text)
    _memset_w                                0x080003d5   Thumb Code     0  rt_memclr_w.o(.text)
    __user_libspace                          0x08000421   Thumb Code     8  libspace.o(.text)
    __user_perproc_libspace                  0x08000421   Thumb Code     0  libspace.o(.text)
    __user_perthread_libspace                0x08000421   Thumb Code     0  libspace.o(.text)
    __user_setup_stackheap                   0x08000429   Thumb Code    74  sys_stackheap_outer.o(.text)
    exit                                     0x08000473   Thumb Code    18  exit.o(.text)
    _sys_exit                                0x08000485   Thumb Code     8  sys_exit.o(.text)
    __I$use$semihosting                      0x08000491   Thumb Code     0  use_no_semi.o(.text)
    __use_no_semihosting_swi                 0x08000491   Thumb Code     2  use_no_semi.o(.text)
    BusFault_Handler                         0x08000493   Thumb Code     4  stm32f10x_it.o(i.BusFault_Handler)
    __semihosting_library_function           0x08000493   Thumb Code     0  indicate_semi.o(.text)
    DebugMon_Handler                         0x08000497   Thumb Code     2  stm32f10x_it.o(i.DebugMon_Handler)
    EXTI15_10_IRQHandler                     0x08000499   Thumb Code   388  mpu6050_exti.o(i.EXTI15_10_IRQHandler)
    EXTI_ClearFlag                           0x08000665   Thumb Code     6  stm32f10x_exti.o(i.EXTI_ClearFlag)
    EXTI_Init                                0x08000671   Thumb Code   142  stm32f10x_exti.o(i.EXTI_Init)
    Encoder_IC1                              0x08000705   Thumb Code   168  encoder.o(i.Encoder_IC1)
    Encoder_IC2                              0x080007b1   Thumb Code   160  encoder.o(i.Encoder_IC2)
    GPIO_EXTILineConfig                      0x08000859   Thumb Code    60  stm32f10x_gpio.o(i.GPIO_EXTILineConfig)
    GPIO_Init                                0x08000899   Thumb Code   278  stm32f10x_gpio.o(i.GPIO_Init)
    GPIO_ReadInputDataBit                    0x080009af   Thumb Code    18  stm32f10x_gpio.o(i.GPIO_ReadInputDataBit)
    GPIO_ResetBits                           0x080009c1   Thumb Code     4  stm32f10x_gpio.o(i.GPIO_ResetBits)
    GPIO_SetBits                             0x080009c5   Thumb Code     4  stm32f10x_gpio.o(i.GPIO_SetBits)
    GPIO_WriteBit                            0x080009c9   Thumb Code    10  stm32f10x_gpio.o(i.GPIO_WriteBit)
    HardFault_Handler                        0x080009d3   Thumb Code     4  stm32f10x_it.o(i.HardFault_Handler)
    MPU6050_DMP_Get_Data                     0x080009d9   Thumb Code   544  inv_mpu.o(i.MPU6050_DMP_Get_Data)
    MPU6050_DMP_Init                         0x08000bfd   Thumb Code    74  inv_mpu.o(i.MPU6050_DMP_Init)
    MPU6050_IIC_IO_Init                      0x08000c4d   Thumb Code    32  mpu6050_i2c.o(i.MPU6050_IIC_IO_Init)
    MPU6050_IIC_Read_Ack                     0x08000c79   Thumb Code    72  mpu6050_i2c.o(i.MPU6050_IIC_Read_Ack)
    MPU6050_IIC_Read_Byte                    0x08000cc9   Thumb Code    86  mpu6050_i2c.o(i.MPU6050_IIC_Read_Byte)
    MPU6050_IIC_SDA_IO_IN                    0x08000d29   Thumb Code    22  mpu6050_i2c.o(i.MPU6050_IIC_SDA_IO_IN)
    MPU6050_IIC_SDA_IO_OUT                   0x08000d45   Thumb Code    20  mpu6050_i2c.o(i.MPU6050_IIC_SDA_IO_OUT)
    MPU6050_IIC_Send_Ack                     0x08000d5d   Thumb Code    48  mpu6050_i2c.o(i.MPU6050_IIC_Send_Ack)
    MPU6050_IIC_Send_Byte                    0x08000d95   Thumb Code    90  mpu6050_i2c.o(i.MPU6050_IIC_Send_Byte)
    MPU6050_IIC_Start                        0x08000df9   Thumb Code    46  mpu6050_i2c.o(i.MPU6050_IIC_Start)
    MPU6050_IIC_Stop                         0x08000e31   Thumb Code    52  mpu6050_i2c.o(i.MPU6050_IIC_Stop)
    MPU6050_Init                             0x08000e6d   Thumb Code   114  mpu6050.o(i.MPU6050_Init)
    MPU_Get_Gyroscope                        0x08000edf   Thumb Code    80  mpu6050.o(i.MPU_Get_Gyroscope)
    MPU_Set_Accel_Fsr                        0x08000f2f   Thumb Code    18  mpu6050.o(i.MPU_Set_Accel_Fsr)
    MPU_Set_Gyro_Fsr                         0x08000f41   Thumb Code    18  mpu6050.o(i.MPU_Set_Gyro_Fsr)
    MPU_Set_LPF                              0x08000f53   Thumb Code    60  mpu6050.o(i.MPU_Set_LPF)
    MPU_Set_Rate                             0x08000f8f   Thumb Code    56  mpu6050.o(i.MPU_Set_Rate)
    MemManage_Handler                        0x08000fc7   Thumb Code     4  stm32f10x_it.o(i.MemManage_Handler)
    My_GPIO_Init                             0x08000fcd   Thumb Code   172  sys.o(i.My_GPIO_Init)
    NMI_Handler                              0x0800107d   Thumb Code     2  stm32f10x_it.o(i.NMI_Handler)
    NRF24L01_Check                           0x08001081   Thumb Code   102  nrf24l01.o(i.NRF24L01_Check)
    NRF24L01_GetRxBuf                        0x080010f1   Thumb Code    70  nrf24l01.o(i.NRF24L01_GetRxBuf)
    NRF24L01_Init                            0x08001137   Thumb Code    22  nrf24l01.o(i.NRF24L01_Init)
    NRF24L01_Pin_Init                        0x0800114d   Thumb Code   166  nrf24l01.o(i.NRF24L01_Pin_Init)
    NRF24L01_RT_Init                         0x080011fd   Thumb Code   100  nrf24l01.o(i.NRF24L01_RT_Init)
    NRF24L01_Read_Buf                        0x08001269   Thumb Code    56  nrf24l01.o(i.NRF24L01_Read_Buf)
    NRF24L01_Read_Reg                        0x080012a1   Thumb Code    34  nrf24l01.o(i.NRF24L01_Read_Reg)
    NRF24L01_Write_Buf                       0x080012c3   Thumb Code    56  nrf24l01.o(i.NRF24L01_Write_Buf)
    NRF24L01_Write_Reg                       0x080012fb   Thumb Code    36  nrf24l01.o(i.NRF24L01_Write_Reg)
    NVIC_Init                                0x08001321   Thumb Code   100  misc.o(i.NVIC_Init)
    OLED_Clear                               0x08001391   Thumb Code    42  oled.o(i.OLED_Clear)
    OLED_I2C_Init                            0x080013bd   Thumb Code    76  oled.o(i.OLED_I2C_Init)
    OLED_I2C_SendByte                        0x0800140d   Thumb Code    80  oled.o(i.OLED_I2C_SendByte)
    OLED_I2C_Start                           0x08001461   Thumb Code    48  oled.o(i.OLED_I2C_Start)
    OLED_I2C_Stop                            0x08001495   Thumb Code    36  oled.o(i.OLED_I2C_Stop)
    OLED_Init                                0x080014bd   Thumb Code   174  oled.o(i.OLED_Init)
    OLED_Pow                                 0x0800156b   Thumb Code    20  oled.o(i.OLED_Pow)
    OLED_SetCursor                           0x0800157f   Thumb Code    34  oled.o(i.OLED_SetCursor)
    OLED_ShowChar                            0x080015a1   Thumb Code   110  oled.o(i.OLED_ShowChar)
    OLED_ShowSignedNum                       0x08001615   Thumb Code   102  oled.o(i.OLED_ShowSignedNum)
    OLED_ShowString                          0x0800167b   Thumb Code    40  oled.o(i.OLED_ShowString)
    OLED_WriteCommand                        0x080016a3   Thumb Code    32  oled.o(i.OLED_WriteCommand)
    OLED_WriteData                           0x080016c3   Thumb Code    32  oled.o(i.OLED_WriteData)
    PWM_Xianfu                               0x080016e3   Thumb Code    22  motor.o(i.PWM_Xianfu)
    PendSV_Handler                           0x080016f9   Thumb Code     2  stm32f10x_it.o(i.PendSV_Handler)
    RCC_APB1PeriphClockCmd                   0x080016fd   Thumb Code    26  stm32f10x_rcc.o(i.RCC_APB1PeriphClockCmd)
    RCC_APB2PeriphClockCmd                   0x0800171d   Thumb Code    26  stm32f10x_rcc.o(i.RCC_APB2PeriphClockCmd)
    R_MISO                                   0x0800173d   Thumb Code    12  nrf24l01.o(i.R_MISO)
    SETPWM                                   0x0800174d   Thumb Code   150  motor.o(i.SETPWM)
    SPI_SwapByte                             0x080017e9   Thumb Code    64  nrf24l01.o(i.SPI_SwapByte)
    SVC_Handler                              0x08001829   Thumb Code     2  stm32f10x_it.o(i.SVC_Handler)
    SysTick_Handler                          0x08001915   Thumb Code     2  stm32f10x_it.o(i.SysTick_Handler)
    SystemInit                               0x08001919   Thumb Code    78  system_stm32f10x.o(i.SystemInit)
    TIM1_PWM_Init                            0x08001bb9   Thumb Code   170  pwm.o(i.TIM1_PWM_Init)
    TIM4_IRQHandler                          0x08001c6d   Thumb Code   176  timer.o(i.TIM4_IRQHandler)
    TIM_ClearITPendingBit                    0x08001d49   Thumb Code     6  stm32f10x_tim.o(i.TIM_ClearITPendingBit)
    TIM_Cmd                                  0x08001d4f   Thumb Code    24  stm32f10x_tim.o(i.TIM_Cmd)
    TIM_CtrlPWMOutputs                       0x08001d67   Thumb Code    30  stm32f10x_tim.o(i.TIM_CtrlPWMOutputs)
    TIM_EncoderInterfaceConfig               0x08001d85   Thumb Code    66  stm32f10x_tim.o(i.TIM_EncoderInterfaceConfig)
    TIM_GetCounter                           0x08001dc7   Thumb Code     6  stm32f10x_tim.o(i.TIM_GetCounter)
    TIM_GetITStatus                          0x08001dcd   Thumb Code    34  stm32f10x_tim.o(i.TIM_GetITStatus)
    TIM_ICInit                               0x08001df1   Thumb Code   150  stm32f10x_tim.o(i.TIM_ICInit)
    TIM_ICStructInit                         0x08001e9d   Thumb Code    18  stm32f10x_tim.o(i.TIM_ICStructInit)
    TIM_InternalClockConfig                  0x08001eaf   Thumb Code    12  stm32f10x_tim.o(i.TIM_InternalClockConfig)
    TIM_OC1Init                              0x08001ebd   Thumb Code   132  stm32f10x_tim.o(i.TIM_OC1Init)
    TIM_OC1PreloadConfig                     0x08001f55   Thumb Code    18  stm32f10x_tim.o(i.TIM_OC1PreloadConfig)
    TIM_OC4Init                              0x08001f69   Thumb Code   114  stm32f10x_tim.o(i.TIM_OC4Init)
    TIM_OC4PreloadConfig                     0x08001fe5   Thumb Code    26  stm32f10x_tim.o(i.TIM_OC4PreloadConfig)
    TIM_SetCompare1                          0x08001fff   Thumb Code     4  stm32f10x_tim.o(i.TIM_SetCompare1)
    TIM_SetCompare4                          0x08002003   Thumb Code     6  stm32f10x_tim.o(i.TIM_SetCompare4)
    TIM_SetCounter                           0x08002009   Thumb Code     4  stm32f10x_tim.o(i.TIM_SetCounter)
    TIM_SetIC1Prescaler                      0x0800200d   Thumb Code    18  stm32f10x_tim.o(i.TIM_SetIC1Prescaler)
    TIM_SetIC2Prescaler                      0x0800201f   Thumb Code    26  stm32f10x_tim.o(i.TIM_SetIC2Prescaler)
    TIM_SetIC3Prescaler                      0x08002039   Thumb Code    18  stm32f10x_tim.o(i.TIM_SetIC3Prescaler)
    TIM_SetIC4Prescaler                      0x0800204b   Thumb Code    26  stm32f10x_tim.o(i.TIM_SetIC4Prescaler)
    TIM_TimeBaseInit                         0x08002065   Thumb Code   122  stm32f10x_tim.o(i.TIM_TimeBaseInit)
    Turn                                     0x08002109   Thumb Code    68  pid.o(i.Turn)
    UsageFault_Handler                       0x08002155   Thumb Code     4  stm32f10x_it.o(i.UsageFault_Handler)
    W_CE                                     0x08002159   Thumb Code    16  nrf24l01.o(i.W_CE)
    W_MOSI                                   0x0800216d   Thumb Code    16  nrf24l01.o(i.W_MOSI)
    W_SCK                                    0x08002181   Thumb Code    16  nrf24l01.o(i.W_SCK)
    W_SS                                     0x08002195   Thumb Code    16  nrf24l01.o(i.W_SS)
    __ARM_fpclassify                         0x080021a9   Thumb Code    40  fpclassify.o(i.__ARM_fpclassify)
    __kernel_poly                            0x080021d1   Thumb Code   170  poly.o(i.__kernel_poly)
    __mathlib_dbl_infnan                     0x0800227b   Thumb Code     6  dunder.o(i.__mathlib_dbl_infnan)
    __mathlib_dbl_infnan2                    0x08002281   Thumb Code     4  dunder.o(i.__mathlib_dbl_infnan2)
    __mathlib_dbl_invalid                    0x08002285   Thumb Code    12  dunder.o(i.__mathlib_dbl_invalid)
    __mathlib_dbl_underflow                  0x08002291   Thumb Code    10  dunder.o(i.__mathlib_dbl_underflow)
    asin                                     0x08002349   Thumb Code   572  asin.o(i.asin)
    atan                                     0x080025b9   Thumb Code   474  atan.o(i.atan)
    atan2                                    0x080027d9   Thumb Code   346  atan2.o(i.atan2)
    delay_ms                                 0x080029bd   Thumb Code    24  delay.o(i.delay_ms)
    delay_us                                 0x080029d5   Thumb Code    46  delay.o(i.delay_us)
    dmp_enable_6x_lp_quat                    0x08002a03   Thumb Code    60  inv_mpu_dmp_motion_driver.o(i.dmp_enable_6x_lp_quat)
    dmp_enable_feature                       0x08002a41   Thumb Code   530  inv_mpu_dmp_motion_driver.o(i.dmp_enable_feature)
    dmp_enable_gyro_cal                      0x08002c5d   Thumb Code    62  inv_mpu_dmp_motion_driver.o(i.dmp_enable_gyro_cal)
    dmp_enable_lp_quat                       0x08002cb5   Thumb Code    60  inv_mpu_dmp_motion_driver.o(i.dmp_enable_lp_quat)
    dmp_load_motion_driver_firmware          0x08002cf1   Thumb Code    20  inv_mpu_dmp_motion_driver.o(i.dmp_load_motion_driver_firmware)
    dmp_read_fifo                            0x08002d09   Thumb Code   450  inv_mpu_dmp_motion_driver.o(i.dmp_read_fifo)
    dmp_set_accel_bias                       0x08002ed1   Thumb Code   300  inv_mpu_dmp_motion_driver.o(i.dmp_set_accel_bias)
    dmp_set_fifo_rate                        0x08003001   Thumb Code    96  inv_mpu_dmp_motion_driver.o(i.dmp_set_fifo_rate)
    dmp_set_gyro_bias                        0x08003071   Thumb Code   294  inv_mpu_dmp_motion_driver.o(i.dmp_set_gyro_bias)
    dmp_set_orientation                      0x080031a1   Thumb Code   290  inv_mpu_dmp_motion_driver.o(i.dmp_set_orientation)
    dmp_set_shake_reject_thresh              0x080032d9   Thumb Code    56  inv_mpu_dmp_motion_driver.o(i.dmp_set_shake_reject_thresh)
    dmp_set_shake_reject_time                0x08003311   Thumb Code    38  inv_mpu_dmp_motion_driver.o(i.dmp_set_shake_reject_time)
    dmp_set_shake_reject_timeout             0x08003337   Thumb Code    38  inv_mpu_dmp_motion_driver.o(i.dmp_set_shake_reject_timeout)
    dmp_set_tap_axes                         0x0800335d   Thumb Code    70  inv_mpu_dmp_motion_driver.o(i.dmp_set_tap_axes)
    dmp_set_tap_count                        0x080033a3   Thumb Code    38  inv_mpu_dmp_motion_driver.o(i.dmp_set_tap_count)
    dmp_set_tap_thresh                       0x080033c9   Thumb Code   396  inv_mpu_dmp_motion_driver.o(i.dmp_set_tap_thresh)
    dmp_set_tap_time                         0x08003569   Thumb Code    38  inv_mpu_dmp_motion_driver.o(i.dmp_set_tap_time)
    dmp_set_tap_time_multi                   0x0800358f   Thumb Code    38  inv_mpu_dmp_motion_driver.o(i.dmp_set_tap_time_multi)
    fg                                       0x080035b5   Thumb Code    84  nrfrx.o(i.fg)
    inv_orientation_matrix_to_scalar         0x08003c4d   Thumb Code    40  inv_mpu.o(i.inv_orientation_matrix_to_scalar)
    inv_row_2_scale                          0x08003c75   Thumb Code    78  inv_mpu.o(i.inv_row_2_scale)
    left1                                    0x08003cc5   Thumb Code    20  motor.o(i.left1)
    left2                                    0x08003cdd   Thumb Code    20  motor.o(i.left2)
    left3                                    0x08003cf5   Thumb Code    24  motor.o(i.left3)
    left4                                    0x08003d11   Thumb Code    24  motor.o(i.left4)
    main                                     0x08003d2d   Thumb Code   242  main.o(i.main)
    motor_gpio_init                          0x08003e6d   Thumb Code    66  motor.o(i.motor_gpio_init)
    mpu6050_exti                             0x08003eb5   Thumb Code   114  mpu6050_exti.o(i.mpu6050_exti)
    mpu6050_read                             0x08003f2d   Thumb Code    92  mpu6050.o(i.mpu6050_read)
    mpu6050_read_reg                         0x08003f89   Thumb Code    22  mpu6050.o(i.mpu6050_read_reg)
    mpu6050_write                            0x08003f9f   Thumb Code    68  mpu6050.o(i.mpu6050_write)
    mpu6050_write_reg                        0x08003fe3   Thumb Code    18  mpu6050.o(i.mpu6050_write_reg)
    mpu_configure_fifo                       0x08003ff5   Thumb Code   106  inv_mpu.o(i.mpu_configure_fifo)
    mpu_get_accel_fsr                        0x08004065   Thumb Code    72  inv_mpu.o(i.mpu_get_accel_fsr)
    mpu_get_accel_sens                       0x080040b1   Thumb Code    78  inv_mpu.o(i.mpu_get_accel_sens)
    mpu_get_fifo_config                      0x08004105   Thumb Code    12  inv_mpu.o(i.mpu_get_fifo_config)
    mpu_get_gyro_fsr                         0x08004115   Thumb Code    64  inv_mpu.o(i.mpu_get_gyro_fsr)
    mpu_get_gyro_sens                        0x08004159   Thumb Code    58  inv_mpu.o(i.mpu_get_gyro_sens)
    mpu_get_lpf                              0x080041a9   Thumb Code    74  inv_mpu.o(i.mpu_get_lpf)
    mpu_get_sample_rate                      0x080041f9   Thumb Code    26  inv_mpu.o(i.mpu_get_sample_rate)
    mpu_init                                 0x08004219   Thumb Code   396  inv_mpu.o(i.mpu_init)
    mpu_load_firmware                        0x080043a9   Thumb Code   180  inv_mpu.o(i.mpu_load_firmware)
    mpu_lp_accel_mode                        0x08004461   Thumb Code   218  inv_mpu.o(i.mpu_lp_accel_mode)
    mpu_read_fifo_stream                     0x08004541   Thumb Code   186  inv_mpu.o(i.mpu_read_fifo_stream)
    mpu_read_mem                             0x08004601   Thumb Code   122  inv_mpu.o(i.mpu_read_mem)
    mpu_reset_fifo                           0x08004681   Thumb Code   450  inv_mpu.o(i.mpu_reset_fifo)
    mpu_run_self_test                        0x08004849   Thumb Code   278  inv_mpu.o(i.mpu_run_self_test)
    mpu_set_accel_fsr                        0x08004965   Thumb Code   126  inv_mpu.o(i.mpu_set_accel_fsr)
    mpu_set_bypass                           0x080049e9   Thumb Code   328  inv_mpu.o(i.mpu_set_bypass)
    mpu_set_dmp_state                        0x08004b35   Thumb Code   138  inv_mpu.o(i.mpu_set_dmp_state)
    mpu_set_gyro_fsr                         0x08004bc5   Thumb Code   132  inv_mpu.o(i.mpu_set_gyro_fsr)
    mpu_set_int_latched                      0x08004c4d   Thumb Code   102  inv_mpu.o(i.mpu_set_int_latched)
    mpu_set_lpf                              0x08004cb9   Thumb Code   126  inv_mpu.o(i.mpu_set_lpf)
    mpu_set_sample_rate                      0x08004d3d   Thumb Code   152  inv_mpu.o(i.mpu_set_sample_rate)
    mpu_set_sensors                          0x08004dd9   Thumb Code   202  inv_mpu.o(i.mpu_set_sensors)
    mpu_write_mem                            0x08004ea9   Thumb Code   122  inv_mpu.o(i.mpu_write_mem)
    nrfrx                                    0x08004f29   Thumb Code   116  nrfrx.o(i.nrfrx)
    power                                    0x08004fb5   Thumb Code    20  sys.o(i.power)
    read_encoder2                            0x08004fc9   Thumb Code    26  motor.o(i.read_encoder2)
    read_encoder3                            0x08004fe5   Thumb Code    22  motor.o(i.read_encoder3)
    run_self_test                            0x08005001   Thumb Code   148  inv_mpu.o(i.run_self_test)
    sqrt                                     0x08005125   Thumb Code    76  sqrt.o(i.sqrt)
    turn_speed_xianfu                        0x08005171   Thumb Code    24  mpu6050_exti.o(i.turn_speed_xianfu)
    velocity_PID_value                       0x08005195   Thumb Code   136  pid.o(i.velocity_PID_value)
    vertical_PID_value                       0x08005235   Thumb Code   126  pid.o(i.vertical_PID_value)
    xianfu                                   0x080052d1   Thumb Code    66  pid.o(i.xianfu)
    __aeabi_d2f                              0x08005319   Thumb Code     0  d2f.o(x$fpl$d2f)
    _d2f                                     0x08005319   Thumb Code    98  d2f.o(x$fpl$d2f)
    __aeabi_dadd                             0x0800537d   Thumb Code     0  daddsub_clz.o(x$fpl$dadd)
    _dadd                                    0x0800537d   Thumb Code   332  daddsub_clz.o(x$fpl$dadd)
    __fpl_dcheck_NaN1                        0x080054cd   Thumb Code    10  dcheck1.o(x$fpl$dcheck1)
    __aeabi_ddiv                             0x080054dd   Thumb Code     0  ddiv.o(x$fpl$ddiv)
    _ddiv                                    0x080054dd   Thumb Code   552  ddiv.o(x$fpl$ddiv)
    __aeabi_dmul                             0x0800578d   Thumb Code     0  dmul.o(x$fpl$dmul)
    _dmul                                    0x0800578d   Thumb Code   332  dmul.o(x$fpl$dmul)
    __fpl_dnaninf                            0x080058e1   Thumb Code   156  dnaninf.o(x$fpl$dnaninf)
    __fpl_dretinf                            0x0800597d   Thumb Code    12  dretinf.o(x$fpl$dretinf)
    __aeabi_drsub                            0x08005989   Thumb Code     0  daddsub_clz.o(x$fpl$drsb)
    _drsb                                    0x08005989   Thumb Code    22  daddsub_clz.o(x$fpl$drsb)
    _dsqrt                                   0x080059a1   Thumb Code   456  dsqrt_noumaal.o(x$fpl$dsqrt)
    __aeabi_dsub                             0x08005b6d   Thumb Code     0  daddsub_clz.o(x$fpl$dsub)
    _dsub                                    0x08005b6d   Thumb Code   464  daddsub_clz.o(x$fpl$dsub)
    __aeabi_f2d                              0x08005d41   Thumb Code     0  f2d.o(x$fpl$f2d)
    _f2d                                     0x08005d41   Thumb Code    86  f2d.o(x$fpl$f2d)
    __aeabi_fadd                             0x08005d99   Thumb Code     0  faddsub_clz.o(x$fpl$fadd)
    _fadd                                    0x08005d99   Thumb Code   196  faddsub_clz.o(x$fpl$fadd)
    __fpl_fcmp_Inf                           0x08005e5d   Thumb Code    24  fcmpi.o(x$fpl$fcmpinf)
    __aeabi_fdiv                             0x08005e75   Thumb Code     0  fdiv.o(x$fpl$fdiv)
    _fdiv                                    0x08005e75   Thumb Code   384  fdiv.o(x$fpl$fdiv)
    __aeabi_cfcmpeq                          0x08005ff9   Thumb Code     0  feqf.o(x$fpl$feqf)
    _fcmpeq                                  0x08005ff9   Thumb Code   104  feqf.o(x$fpl$feqf)
    __aeabi_f2iz                             0x08006061   Thumb Code     0  ffix.o(x$fpl$ffix)
    _ffix                                    0x08006061   Thumb Code    54  ffix.o(x$fpl$ffix)
    __aeabi_f2uiz                            0x08006099   Thumb Code     0  ffixu.o(x$fpl$ffixu)
    _ffixu                                   0x08006099   Thumb Code    62  ffixu.o(x$fpl$ffixu)
    __aeabi_i2f                              0x080060d9   Thumb Code     0  fflt_clz.o(x$fpl$fflt)
    _fflt                                    0x080060d9   Thumb Code    48  fflt_clz.o(x$fpl$fflt)
    __aeabi_ui2f                             0x08006109   Thumb Code     0  fflt_clz.o(x$fpl$ffltu)
    _ffltu                                   0x08006109   Thumb Code    38  fflt_clz.o(x$fpl$ffltu)
    __aeabi_cfcmple                          0x08006131   Thumb Code     0  fleqf.o(x$fpl$fleqf)
    _fcmple                                  0x08006131   Thumb Code   104  fleqf.o(x$fpl$fleqf)
    __fpl_fcmple_InfNaN                      0x08006183   Thumb Code     0  fleqf.o(x$fpl$fleqf)
    __aeabi_fmul                             0x08006199   Thumb Code     0  fmul.o(x$fpl$fmul)
    _fmul                                    0x08006199   Thumb Code   258  fmul.o(x$fpl$fmul)
    __fpl_fnaninf                            0x0800629b   Thumb Code   140  fnaninf.o(x$fpl$fnaninf)
    __fpl_fretinf                            0x08006327   Thumb Code    10  fretinf.o(x$fpl$fretinf)
    __aeabi_cfrcmple                         0x08006331   Thumb Code     0  frleqf.o(x$fpl$frleqf)
    _frcmple                                 0x08006331   Thumb Code    98  frleqf.o(x$fpl$frleqf)
    __aeabi_frsub                            0x08006393   Thumb Code     0  faddsub_clz.o(x$fpl$frsb)
    _frsb                                    0x08006393   Thumb Code    20  faddsub_clz.o(x$fpl$frsb)
    __aeabi_fsub                             0x080063a9   Thumb Code     0  faddsub_clz.o(x$fpl$fsub)
    _fsub                                    0x080063a9   Thumb Code   234  faddsub_clz.o(x$fpl$fsub)
    __fpl_return_NaN                         0x08006493   Thumb Code   100  retnan.o(x$fpl$retnan)
    __ARM_scalbn                             0x080064f7   Thumb Code    92  scalbn.o(x$fpl$scalbn)
    __fpl_cmpreturn                          0x08006553   Thumb Code    48  trapv.o(x$fpl$trapveneer)
    OLED_F8x16                               0x08006582   Data        1520  oled.o(.constdata)
    __I$use$fp                               0x08006582   Number         0  usenofp.o(x$fpl$usenofp)
    hw                                       0x08006b74   Data          12  inv_mpu.o(.constdata)
    reg                                      0x08006b80   Data          27  inv_mpu.o(.constdata)
    test                                     0x08006b9c   Data          40  inv_mpu.o(.constdata)
    TX_ADDRESS                               0x080077ba   Data           5  nrf24l01.o(.constdata)
    RX_ADDRESS                               0x080077bf   Data           5  nrf24l01.o(.constdata)
    __mathlib_zero                           0x080078b0   Data           8  qnan.o(.constdata)
    Region$$Table$$Base                      0x080078b8   Number         0  anon$$obj.o(Region$$Table)
    Region$$Table$$Limit                     0x080078d8   Number         0  anon$$obj.o(Region$$Table)
    Kp                                       0x20000000   Data           4  main.o(.data)
    Ki                                       0x20000004   Data           4  main.o(.data)
    Kd                                       0x20000008   Data           4  main.o(.data)
    VKp                                      0x2000000c   Data           4  main.o(.data)
    VKi                                      0x20000010   Data           4  main.o(.data)
    motor_flag                               0x20000014   Data           4  main.o(.data)
    pitch                                    0x20000050   Data           4  mpu6050_exti.o(.data)
    roll                                     0x20000054   Data           4  mpu6050_exti.o(.data)
    yaw                                      0x20000058   Data           4  mpu6050_exti.o(.data)
    measure                                  0x2000005c   Data           4  mpu6050_exti.o(.data)
    calcu                                    0x20000060   Data           4  mpu6050_exti.o(.data)
    velocity                                 0x20000064   Data           4  mpu6050_exti.o(.data)
    pwm1                                     0x20000068   Data           4  mpu6050_exti.o(.data)
    pwm2                                     0x2000006c   Data           4  mpu6050_exti.o(.data)
    gx                                       0x20000070   Data           2  mpu6050_exti.o(.data)
    gy                                       0x20000072   Data           2  mpu6050_exti.o(.data)
    gz                                       0x20000074   Data           2  mpu6050_exti.o(.data)
    turn_speed                               0x20000078   Data           4  mpu6050_exti.o(.data)
    Turn_Kd                                  0x2000007c   Data           4  mpu6050_exti.o(.data)
    err                                      0x20000080   Data           4  pid.o(.data)
    last_err                                 0x20000084   Data           4  pid.o(.data)
    err_sum                                  0x20000088   Data           4  pid.o(.data)
    err_difference                           0x2000008c   Data           4  pid.o(.data)
    filt_velocity                            0x20000090   Data           4  pid.o(.data)
    last_filt_velocity                       0x20000094   Data           4  pid.o(.data)
    velocity_sum                             0x20000098   Data           4  pid.o(.data)
    Turn_Kp                                  0x2000009c   Data           4  pid.o(.data)
    a                                        0x200000a0   Data           2  nrfrx.o(.data)
    thr                                      0x200000a2   Data           2  nrfrx.o(.data)
    thr_roll                                 0x200000a4   Data           2  nrfrx.o(.data)
    thr_pitch                                0x200000a6   Data           2  nrfrx.o(.data)
    thr_yaw                                  0x200000a8   Data           2  nrfrx.o(.data)
    flag                                     0x200000ac   Data           4  nrfrx.o(.data)
    left_right                               0x200000b0   Data           4  nrfrx.o(.data)
    flag_2ms                                 0x200000b4   Data           1  timer.o(.data)
    flag_4ms                                 0x200000b5   Data           1  timer.o(.data)
    flag_8ms                                 0x200000b6   Data           1  timer.o(.data)
    flag_30ms                                0x200000b7   Data           1  timer.o(.data)
    flag_60ms                                0x200000b8   Data           1  timer.o(.data)
    JS                                       0x200000d0   Data          24  nrfrx.o(.bss)
    Buf                                      0x200000e8   Data          32  nrfrx.o(.bss)
    __libspace_start                         0x20000108   Data          96  libspace.o(.bss)
    __temporary_stack_top$libspace           0x20000168   Data           0  libspace.o(.bss)



==============================================================================

Memory Map of the image

  Image Entry point : 0x080000ed

  Load Region LR_IROM1 (Base: 0x08000000, Size: 0x00007998, Max: 0x00010000, ABSOLUTE)

    Execution Region ER_IROM1 (Exec base: 0x08000000, Load base: 0x08000000, Size: 0x000078d8, Max: 0x00010000, ABSOLUTE)

    Exec Addr    Load Addr    Size         Type   Attr      Idx    E Section Name        Object

    0x08000000   0x08000000   0x000000ec   Data   RO           19    RESET               startup_stm32f10x_md.o
    0x080000ec   0x080000ec   0x00000008   Code   RO         4527  * !!!main             c_w.l(__main.o)
    0x080000f4   0x080000f4   0x00000034   Code   RO         4841    !!!scatter          c_w.l(__scatter.o)
    0x08000128   0x08000128   0x0000001a   Code   RO         4843    !!handler_copy      c_w.l(__scatter_copy.o)
    0x08000142   0x08000142   0x00000002   PAD
    0x08000144   0x08000144   0x0000001c   Code   RO         4845    !!handler_zi        c_w.l(__scatter_zi.o)
    0x08000160   0x08000160   0x00000002   Code   RO         4704    .ARM.Collect$$libinit$$00000000  c_w.l(libinit.o)
    0x08000162   0x08000162   0x00000000   Code   RO         4716    .ARM.Collect$$libinit$$00000002  c_w.l(libinit2.o)
    0x08000162   0x08000162   0x00000000   Code   RO         4718    .ARM.Collect$$libinit$$00000004  c_w.l(libinit2.o)
    0x08000162   0x08000162   0x00000000   Code   RO         4721    .ARM.Collect$$libinit$$0000000A  c_w.l(libinit2.o)
    0x08000162   0x08000162   0x00000000   Code   RO         4723    .ARM.Collect$$libinit$$0000000C  c_w.l(libinit2.o)
    0x08000162   0x08000162   0x00000000   Code   RO         4725    .ARM.Collect$$libinit$$0000000E  c_w.l(libinit2.o)
    0x08000162   0x08000162   0x00000000   Code   RO         4728    .ARM.Collect$$libinit$$00000011  c_w.l(libinit2.o)
    0x08000162   0x08000162   0x00000000   Code   RO         4730    .ARM.Collect$$libinit$$00000013  c_w.l(libinit2.o)
    0x08000162   0x08000162   0x00000000   Code   RO         4732    .ARM.Collect$$libinit$$00000015  c_w.l(libinit2.o)
    0x08000162   0x08000162   0x00000000   Code   RO         4734    .ARM.Collect$$libinit$$00000017  c_w.l(libinit2.o)
    0x08000162   0x08000162   0x00000000   Code   RO         4736    .ARM.Collect$$libinit$$00000019  c_w.l(libinit2.o)
    0x08000162   0x08000162   0x00000000   Code   RO         4738    .ARM.Collect$$libinit$$0000001B  c_w.l(libinit2.o)
    0x08000162   0x08000162   0x00000000   Code   RO         4740    .ARM.Collect$$libinit$$0000001D  c_w.l(libinit2.o)
    0x08000162   0x08000162   0x00000000   Code   RO         4742    .ARM.Collect$$libinit$$0000001F  c_w.l(libinit2.o)
    0x08000162   0x08000162   0x00000000   Code   RO         4744    .ARM.Collect$$libinit$$00000021  c_w.l(libinit2.o)
    0x08000162   0x08000162   0x00000000   Code   RO         4746    .ARM.Collect$$libinit$$00000023  c_w.l(libinit2.o)
    0x08000162   0x08000162   0x00000000   Code   RO         4748    .ARM.Collect$$libinit$$00000025  c_w.l(libinit2.o)
    0x08000162   0x08000162   0x00000000   Code   RO         4752    .ARM.Collect$$libinit$$0000002C  c_w.l(libinit2.o)
    0x08000162   0x08000162   0x00000000   Code   RO         4754    .ARM.Collect$$libinit$$0000002E  c_w.l(libinit2.o)
    0x08000162   0x08000162   0x00000000   Code   RO         4756    .ARM.Collect$$libinit$$00000030  c_w.l(libinit2.o)
    0x08000162   0x08000162   0x00000000   Code   RO         4758    .ARM.Collect$$libinit$$00000032  c_w.l(libinit2.o)
    0x08000162   0x08000162   0x00000002   Code   RO         4759    .ARM.Collect$$libinit$$00000033  c_w.l(libinit2.o)
    0x08000164   0x08000164   0x00000002   Code   RO         4791    .ARM.Collect$$libshutdown$$00000000  c_w.l(libshutdown.o)
    0x08000166   0x08000166   0x00000000   Code   RO         4808    .ARM.Collect$$libshutdown$$00000002  c_w.l(libshutdown2.o)
    0x08000166   0x08000166   0x00000000   Code   RO         4810    .ARM.Collect$$libshutdown$$00000004  c_w.l(libshutdown2.o)
    0x08000166   0x08000166   0x00000000   Code   RO         4813    .ARM.Collect$$libshutdown$$00000007  c_w.l(libshutdown2.o)
    0x08000166   0x08000166   0x00000000   Code   RO         4816    .ARM.Collect$$libshutdown$$0000000A  c_w.l(libshutdown2.o)
    0x08000166   0x08000166   0x00000000   Code   RO         4818    .ARM.Collect$$libshutdown$$0000000C  c_w.l(libshutdown2.o)
    0x08000166   0x08000166   0x00000000   Code   RO         4821    .ARM.Collect$$libshutdown$$0000000F  c_w.l(libshutdown2.o)
    0x08000166   0x08000166   0x00000002   Code   RO         4822    .ARM.Collect$$libshutdown$$00000010  c_w.l(libshutdown2.o)
    0x08000168   0x08000168   0x00000000   Code   RO         4601    .ARM.Collect$$rtentry$$00000000  c_w.l(__rtentry.o)
    0x08000168   0x08000168   0x00000000   Code   RO         4659    .ARM.Collect$$rtentry$$00000002  c_w.l(__rtentry2.o)
    0x08000168   0x08000168   0x00000006   Code   RO         4671    .ARM.Collect$$rtentry$$00000004  c_w.l(__rtentry4.o)
    0x0800016e   0x0800016e   0x00000000   Code   RO         4661    .ARM.Collect$$rtentry$$00000009  c_w.l(__rtentry2.o)
    0x0800016e   0x0800016e   0x00000004   Code   RO         4662    .ARM.Collect$$rtentry$$0000000A  c_w.l(__rtentry2.o)
    0x08000172   0x08000172   0x00000000   Code   RO         4664    .ARM.Collect$$rtentry$$0000000C  c_w.l(__rtentry2.o)
    0x08000172   0x08000172   0x00000008   Code   RO         4665    .ARM.Collect$$rtentry$$0000000D  c_w.l(__rtentry2.o)
    0x0800017a   0x0800017a   0x00000002   Code   RO         4709    .ARM.Collect$$rtexit$$00000000  c_w.l(rtexit.o)
    0x0800017c   0x0800017c   0x00000000   Code   RO         4763    .ARM.Collect$$rtexit$$00000002  c_w.l(rtexit2.o)
    0x0800017c   0x0800017c   0x00000004   Code   RO         4764    .ARM.Collect$$rtexit$$00000003  c_w.l(rtexit2.o)
    0x08000180   0x08000180   0x00000006   Code   RO         4765    .ARM.Collect$$rtexit$$00000004  c_w.l(rtexit2.o)
    0x08000186   0x08000186   0x00000002   PAD
    0x08000188   0x08000188   0x00000040   Code   RO           20    .text               startup_stm32f10x_md.o
    0x080001c8   0x080001c8   0x00000048   Code   RO         4519    .text               c_w.l(llsdiv.o)
    0x08000210   0x08000210   0x00000058   Code   RO         4521    .text               c_w.l(memcmp.o)
    0x08000268   0x08000268   0x00000010   Code   RO         4523    .text               c_w.l(aeabi_memset.o)
    0x08000278   0x08000278   0x00000006   Code   RO         4525    .text               c_w.l(heapauxi.o)
    0x0800027e   0x0800027e   0x000000ee   Code   RO         4602    .text               c_w.l(lludivv7m.o)
    0x0800036c   0x0800036c   0x00000016   Code   RO         4604    .text               c_w.l(_rserrno.o)
    0x08000382   0x08000382   0x00000044   Code   RO         4606    .text               c_w.l(rt_memclr.o)
    0x080003c6   0x080003c6   0x00000002   PAD
    0x080003c8   0x080003c8   0x00000008   Code   RO         4680    .text               c_w.l(rt_errno_addr_intlibspace.o)
    0x080003d0   0x080003d0   0x0000004e   Code   RO         4682    .text               c_w.l(rt_memclr_w.o)
    0x0800041e   0x0800041e   0x00000002   PAD
    0x08000420   0x08000420   0x00000008   Code   RO         4690    .text               c_w.l(libspace.o)
    0x08000428   0x08000428   0x0000004a   Code   RO         4693    .text               c_w.l(sys_stackheap_outer.o)
    0x08000472   0x08000472   0x00000012   Code   RO         4697    .text               c_w.l(exit.o)
    0x08000484   0x08000484   0x0000000c   Code   RO         4779    .text               c_w.l(sys_exit.o)
    0x08000490   0x08000490   0x00000002   Code   RO         4796    .text               c_w.l(use_no_semi.o)
    0x08000492   0x08000492   0x00000000   Code   RO         4798    .text               c_w.l(indicate_semi.o)
    0x08000492   0x08000492   0x00000004   Code   RO         3280    i.BusFault_Handler  stm32f10x_it.o
    0x08000496   0x08000496   0x00000002   Code   RO         3281    i.DebugMon_Handler  stm32f10x_it.o
    0x08000498   0x08000498   0x000001cc   Code   RO         4211    i.EXTI15_10_IRQHandler  mpu6050_exti.o
    0x08000664   0x08000664   0x0000000c   Code   RO          984    i.EXTI_ClearFlag    stm32f10x_exti.o
    0x08000670   0x08000670   0x00000094   Code   RO          990    i.EXTI_Init         stm32f10x_exti.o
    0x08000704   0x08000704   0x000000ac   Code   RO         3524    i.Encoder_IC1       encoder.o
    0x080007b0   0x080007b0   0x000000a8   Code   RO         3525    i.Encoder_IC2       encoder.o
    0x08000858   0x08000858   0x00000040   Code   RO         1344    i.GPIO_EXTILineConfig  stm32f10x_gpio.o
    0x08000898   0x08000898   0x00000116   Code   RO         1347    i.GPIO_Init         stm32f10x_gpio.o
    0x080009ae   0x080009ae   0x00000012   Code   RO         1351    i.GPIO_ReadInputDataBit  stm32f10x_gpio.o
    0x080009c0   0x080009c0   0x00000004   Code   RO         1354    i.GPIO_ResetBits    stm32f10x_gpio.o
    0x080009c4   0x080009c4   0x00000004   Code   RO         1355    i.GPIO_SetBits      stm32f10x_gpio.o
    0x080009c8   0x080009c8   0x0000000a   Code   RO         1358    i.GPIO_WriteBit     stm32f10x_gpio.o
    0x080009d2   0x080009d2   0x00000004   Code   RO         3282    i.HardFault_Handler  stm32f10x_it.o
    0x080009d6   0x080009d6   0x00000002   PAD
    0x080009d8   0x080009d8   0x00000224   Code   RO         3554    i.MPU6050_DMP_Get_Data  inv_mpu.o
    0x08000bfc   0x08000bfc   0x00000050   Code   RO         3555    i.MPU6050_DMP_Init  inv_mpu.o
    0x08000c4c   0x08000c4c   0x0000002c   Code   RO         4151    i.MPU6050_IIC_IO_Init  mpu6050_i2c.o
    0x08000c78   0x08000c78   0x00000050   Code   RO         4152    i.MPU6050_IIC_Read_Ack  mpu6050_i2c.o
    0x08000cc8   0x08000cc8   0x00000060   Code   RO         4153    i.MPU6050_IIC_Read_Byte  mpu6050_i2c.o
    0x08000d28   0x08000d28   0x0000001c   Code   RO         4154    i.MPU6050_IIC_SDA_IO_IN  mpu6050_i2c.o
    0x08000d44   0x08000d44   0x00000018   Code   RO         4155    i.MPU6050_IIC_SDA_IO_OUT  mpu6050_i2c.o
    0x08000d5c   0x08000d5c   0x00000038   Code   RO         4156    i.MPU6050_IIC_Send_Ack  mpu6050_i2c.o
    0x08000d94   0x08000d94   0x00000064   Code   RO         4157    i.MPU6050_IIC_Send_Byte  mpu6050_i2c.o
    0x08000df8   0x08000df8   0x00000038   Code   RO         4158    i.MPU6050_IIC_Start  mpu6050_i2c.o
    0x08000e30   0x08000e30   0x0000003c   Code   RO         4159    i.MPU6050_IIC_Stop  mpu6050_i2c.o
    0x08000e6c   0x08000e6c   0x00000072   Code   RO         4073    i.MPU6050_Init      mpu6050.o
    0x08000ede   0x08000ede   0x00000050   Code   RO         4075    i.MPU_Get_Gyroscope  mpu6050.o
    0x08000f2e   0x08000f2e   0x00000012   Code   RO         4077    i.MPU_Set_Accel_Fsr  mpu6050.o
    0x08000f40   0x08000f40   0x00000012   Code   RO         4078    i.MPU_Set_Gyro_Fsr  mpu6050.o
    0x08000f52   0x08000f52   0x0000003c   Code   RO         4079    i.MPU_Set_LPF       mpu6050.o
    0x08000f8e   0x08000f8e   0x00000038   Code   RO         4080    i.MPU_Set_Rate      mpu6050.o
    0x08000fc6   0x08000fc6   0x00000004   Code   RO         3283    i.MemManage_Handler  stm32f10x_it.o
    0x08000fca   0x08000fca   0x00000002   PAD
    0x08000fcc   0x08000fcc   0x000000b0   Code   RO         3478    i.My_GPIO_Init      sys.o
    0x0800107c   0x0800107c   0x00000002   Code   RO         3284    i.NMI_Handler       stm32f10x_it.o
    0x0800107e   0x0800107e   0x00000002   PAD
    0x08001080   0x08001080   0x00000070   Code   RO         4336    i.NRF24L01_Check    nrf24l01.o
    0x080010f0   0x080010f0   0x00000046   Code   RO         4337    i.NRF24L01_GetRxBuf  nrf24l01.o
    0x08001136   0x08001136   0x00000016   Code   RO         4339    i.NRF24L01_Init     nrf24l01.o
    0x0800114c   0x0800114c   0x000000b0   Code   RO         4340    i.NRF24L01_Pin_Init  nrf24l01.o
    0x080011fc   0x080011fc   0x0000006c   Code   RO         4341    i.NRF24L01_RT_Init  nrf24l01.o
    0x08001268   0x08001268   0x00000038   Code   RO         4342    i.NRF24L01_Read_Buf  nrf24l01.o
    0x080012a0   0x080012a0   0x00000022   Code   RO         4343    i.NRF24L01_Read_Reg  nrf24l01.o
    0x080012c2   0x080012c2   0x00000038   Code   RO         4346    i.NRF24L01_Write_Buf  nrf24l01.o
    0x080012fa   0x080012fa   0x00000024   Code   RO         4347    i.NRF24L01_Write_Reg  nrf24l01.o
    0x0800131e   0x0800131e   0x00000002   PAD
    0x08001320   0x08001320   0x00000070   Code   RO          137    i.NVIC_Init         misc.o
    0x08001390   0x08001390   0x0000002a   Code   RO         3343    i.OLED_Clear        oled.o
    0x080013ba   0x080013ba   0x00000002   PAD
    0x080013bc   0x080013bc   0x00000050   Code   RO         3344    i.OLED_I2C_Init     oled.o
    0x0800140c   0x0800140c   0x00000054   Code   RO         3345    i.OLED_I2C_SendByte  oled.o
    0x08001460   0x08001460   0x00000034   Code   RO         3346    i.OLED_I2C_Start    oled.o
    0x08001494   0x08001494   0x00000028   Code   RO         3347    i.OLED_I2C_Stop     oled.o
    0x080014bc   0x080014bc   0x000000ae   Code   RO         3348    i.OLED_Init         oled.o
    0x0800156a   0x0800156a   0x00000014   Code   RO         3349    i.OLED_Pow          oled.o
    0x0800157e   0x0800157e   0x00000022   Code   RO         3350    i.OLED_SetCursor    oled.o
    0x080015a0   0x080015a0   0x00000074   Code   RO         3352    i.OLED_ShowChar     oled.o
    0x08001614   0x08001614   0x00000066   Code   RO         3355    i.OLED_ShowSignedNum  oled.o
    0x0800167a   0x0800167a   0x00000028   Code   RO         3356    i.OLED_ShowString   oled.o
    0x080016a2   0x080016a2   0x00000020   Code   RO         3357    i.OLED_WriteCommand  oled.o
    0x080016c2   0x080016c2   0x00000020   Code   RO         3358    i.OLED_WriteData    oled.o
    0x080016e2   0x080016e2   0x00000016   Code   RO         4239    i.PWM_Xianfu        motor.o
    0x080016f8   0x080016f8   0x00000002   Code   RO         3285    i.PendSV_Handler    stm32f10x_it.o
    0x080016fa   0x080016fa   0x00000002   PAD
    0x080016fc   0x080016fc   0x00000020   Code   RO         1775    i.RCC_APB1PeriphClockCmd  stm32f10x_rcc.o
    0x0800171c   0x0800171c   0x00000020   Code   RO         1777    i.RCC_APB2PeriphClockCmd  stm32f10x_rcc.o
    0x0800173c   0x0800173c   0x00000010   Code   RO         4349    i.R_MISO            nrf24l01.o
    0x0800174c   0x0800174c   0x0000009c   Code   RO         4240    i.SETPWM            motor.o
    0x080017e8   0x080017e8   0x00000040   Code   RO         4350    i.SPI_SwapByte      nrf24l01.o
    0x08001828   0x08001828   0x00000002   Code   RO         3286    i.SVC_Handler       stm32f10x_it.o
    0x0800182a   0x0800182a   0x00000008   Code   RO           24    i.SetSysClock       system_stm32f10x.o
    0x08001832   0x08001832   0x00000002   PAD
    0x08001834   0x08001834   0x000000e0   Code   RO           25    i.SetSysClockTo72   system_stm32f10x.o
    0x08001914   0x08001914   0x00000002   Code   RO         3287    i.SysTick_Handler   stm32f10x_it.o
    0x08001916   0x08001916   0x00000002   PAD
    0x08001918   0x08001918   0x00000060   Code   RO           27    i.SystemInit        system_stm32f10x.o
    0x08001978   0x08001978   0x00000080   Code   RO         2405    i.TI1_Config        stm32f10x_tim.o
    0x080019f8   0x080019f8   0x00000098   Code   RO         2406    i.TI2_Config        stm32f10x_tim.o
    0x08001a90   0x08001a90   0x00000090   Code   RO         2407    i.TI3_Config        stm32f10x_tim.o
    0x08001b20   0x08001b20   0x00000098   Code   RO         2408    i.TI4_Config        stm32f10x_tim.o
    0x08001bb8   0x08001bb8   0x000000b4   Code   RO         3542    i.TIM1_PWM_Init     pwm.o
    0x08001c6c   0x08001c6c   0x000000dc   Code   RO         4493    i.TIM4_IRQHandler   timer.o
    0x08001d48   0x08001d48   0x00000006   Code   RO         2416    i.TIM_ClearITPendingBit  stm32f10x_tim.o
    0x08001d4e   0x08001d4e   0x00000018   Code   RO         2421    i.TIM_Cmd           stm32f10x_tim.o
    0x08001d66   0x08001d66   0x0000001e   Code   RO         2423    i.TIM_CtrlPWMOutputs  stm32f10x_tim.o
    0x08001d84   0x08001d84   0x00000042   Code   RO         2430    i.TIM_EncoderInterfaceConfig  stm32f10x_tim.o
    0x08001dc6   0x08001dc6   0x00000006   Code   RO         2440    i.TIM_GetCounter    stm32f10x_tim.o
    0x08001dcc   0x08001dcc   0x00000022   Code   RO         2442    i.TIM_GetITStatus   stm32f10x_tim.o
    0x08001dee   0x08001dee   0x00000002   PAD
    0x08001df0   0x08001df0   0x000000ac   Code   RO         2444    i.TIM_ICInit        stm32f10x_tim.o
    0x08001e9c   0x08001e9c   0x00000012   Code   RO         2445    i.TIM_ICStructInit  stm32f10x_tim.o
    0x08001eae   0x08001eae   0x0000000c   Code   RO         2448    i.TIM_InternalClockConfig  stm32f10x_tim.o
    0x08001eba   0x08001eba   0x00000002   PAD
    0x08001ebc   0x08001ebc   0x00000098   Code   RO         2450    i.TIM_OC1Init       stm32f10x_tim.o
    0x08001f54   0x08001f54   0x00000012   Code   RO         2453    i.TIM_OC1PreloadConfig  stm32f10x_tim.o
    0x08001f66   0x08001f66   0x00000002   PAD
    0x08001f68   0x08001f68   0x0000007c   Code   RO         2465    i.TIM_OC4Init       stm32f10x_tim.o
    0x08001fe4   0x08001fe4   0x0000001a   Code   RO         2467    i.TIM_OC4PreloadConfig  stm32f10x_tim.o
    0x08001ffe   0x08001ffe   0x00000004   Code   RO         2482    i.TIM_SetCompare1   stm32f10x_tim.o
    0x08002002   0x08002002   0x00000006   Code   RO         2485    i.TIM_SetCompare4   stm32f10x_tim.o
    0x08002008   0x08002008   0x00000004   Code   RO         2486    i.TIM_SetCounter    stm32f10x_tim.o
    0x0800200c   0x0800200c   0x00000012   Code   RO         2487    i.TIM_SetIC1Prescaler  stm32f10x_tim.o
    0x0800201e   0x0800201e   0x0000001a   Code   RO         2488    i.TIM_SetIC2Prescaler  stm32f10x_tim.o
    0x08002038   0x08002038   0x00000012   Code   RO         2489    i.TIM_SetIC3Prescaler  stm32f10x_tim.o
    0x0800204a   0x0800204a   0x0000001a   Code   RO         2490    i.TIM_SetIC4Prescaler  stm32f10x_tim.o
    0x08002064   0x08002064   0x000000a4   Code   RO         2492    i.TIM_TimeBaseInit  stm32f10x_tim.o
    0x08002108   0x08002108   0x0000004c   Code   RO         4299    i.Turn              pid.o
    0x08002154   0x08002154   0x00000004   Code   RO         3288    i.UsageFault_Handler  stm32f10x_it.o
    0x08002158   0x08002158   0x00000014   Code   RO         4351    i.W_CE              nrf24l01.o
    0x0800216c   0x0800216c   0x00000014   Code   RO         4352    i.W_MOSI            nrf24l01.o
    0x08002180   0x08002180   0x00000014   Code   RO         4353    i.W_SCK             nrf24l01.o
    0x08002194   0x08002194   0x00000014   Code   RO         4354    i.W_SS              nrf24l01.o
    0x080021a8   0x080021a8   0x00000028   Code   RO         4645    i.__ARM_fpclassify  m_ws.l(fpclassify.o)
    0x080021d0   0x080021d0   0x000000aa   Code   RO         4647    i.__kernel_poly     m_ws.l(poly.o)
    0x0800227a   0x0800227a   0x00000006   Code   RO         4632    i.__mathlib_dbl_infnan  m_ws.l(dunder.o)
    0x08002280   0x08002280   0x00000004   Code   RO         4633    i.__mathlib_dbl_infnan2  m_ws.l(dunder.o)
    0x08002284   0x08002284   0x0000000c   Code   RO         4634    i.__mathlib_dbl_invalid  m_ws.l(dunder.o)
    0x08002290   0x08002290   0x00000010   Code   RO         4637    i.__mathlib_dbl_underflow  m_ws.l(dunder.o)
    0x080022a0   0x080022a0   0x000000a8   Code   RO         3556    i.accel_self_test   inv_mpu.o
    0x08002348   0x08002348   0x00000270   Code   RO         4584    i.asin              m_ws.l(asin.o)
    0x080025b8   0x080025b8   0x00000220   Code   RO         4622    i.atan              m_ws.l(atan.o)
    0x080027d8   0x080027d8   0x00000180   Code   RO         4594    i.atan2             m_ws.l(atan2.o)
    0x08002958   0x08002958   0x00000064   Code   RO         3893    i.decode_gesture    inv_mpu_dmp_motion_driver.o
    0x080029bc   0x080029bc   0x00000018   Code   RO         3451    i.delay_ms          delay.o
    0x080029d4   0x080029d4   0x0000002e   Code   RO         3453    i.delay_us          delay.o
    0x08002a02   0x08002a02   0x0000003c   Code   RO         3894    i.dmp_enable_6x_lp_quat  inv_mpu_dmp_motion_driver.o
    0x08002a3e   0x08002a3e   0x00000002   PAD
    0x08002a40   0x08002a40   0x0000021c   Code   RO         3895    i.dmp_enable_feature  inv_mpu_dmp_motion_driver.o
    0x08002c5c   0x08002c5c   0x00000058   Code   RO         3896    i.dmp_enable_gyro_cal  inv_mpu_dmp_motion_driver.o
    0x08002cb4   0x08002cb4   0x0000003c   Code   RO         3897    i.dmp_enable_lp_quat  inv_mpu_dmp_motion_driver.o
    0x08002cf0   0x08002cf0   0x00000018   Code   RO         3902    i.dmp_load_motion_driver_firmware  inv_mpu_dmp_motion_driver.o
    0x08002d08   0x08002d08   0x000001c8   Code   RO         3903    i.dmp_read_fifo     inv_mpu_dmp_motion_driver.o
    0x08002ed0   0x08002ed0   0x00000130   Code   RO         3906    i.dmp_set_accel_bias  inv_mpu_dmp_motion_driver.o
    0x08003000   0x08003000   0x00000070   Code   RO         3907    i.dmp_set_fifo_rate  inv_mpu_dmp_motion_driver.o
    0x08003070   0x08003070   0x00000130   Code   RO         3908    i.dmp_set_gyro_bias  inv_mpu_dmp_motion_driver.o
    0x080031a0   0x080031a0   0x00000138   Code   RO         3910    i.dmp_set_orientation  inv_mpu_dmp_motion_driver.o
    0x080032d8   0x080032d8   0x00000038   Code   RO         3913    i.dmp_set_shake_reject_thresh  inv_mpu_dmp_motion_driver.o
    0x08003310   0x08003310   0x00000026   Code   RO         3914    i.dmp_set_shake_reject_time  inv_mpu_dmp_motion_driver.o
    0x08003336   0x08003336   0x00000026   Code   RO         3915    i.dmp_set_shake_reject_timeout  inv_mpu_dmp_motion_driver.o
    0x0800335c   0x0800335c   0x00000046   Code   RO         3916    i.dmp_set_tap_axes  inv_mpu_dmp_motion_driver.o
    0x080033a2   0x080033a2   0x00000026   Code   RO         3917    i.dmp_set_tap_count  inv_mpu_dmp_motion_driver.o
    0x080033c8   0x080033c8   0x000001a0   Code   RO         3918    i.dmp_set_tap_thresh  inv_mpu_dmp_motion_driver.o
    0x08003568   0x08003568   0x00000026   Code   RO         3919    i.dmp_set_tap_time  inv_mpu_dmp_motion_driver.o
    0x0800358e   0x0800358e   0x00000026   Code   RO         3920    i.dmp_set_tap_time_multi  inv_mpu_dmp_motion_driver.o
    0x080035b4   0x080035b4   0x00000064   Code   RO         4465    i.fg                nrfrx.o
    0x08003618   0x08003618   0x000000b4   Code   RO         3557    i.get_accel_prod_shift  inv_mpu.o
    0x080036cc   0x080036cc   0x00000470   Code   RO         3559    i.get_st_biases     inv_mpu.o
    0x08003b3c   0x08003b3c   0x00000110   Code   RO         3560    i.gyro_self_test    inv_mpu.o
    0x08003c4c   0x08003c4c   0x00000028   Code   RO         3561    i.inv_orientation_matrix_to_scalar  inv_mpu.o
    0x08003c74   0x08003c74   0x0000004e   Code   RO         3562    i.inv_row_2_scale   inv_mpu.o
    0x08003cc2   0x08003cc2   0x00000002   PAD
    0x08003cc4   0x08003cc4   0x00000018   Code   RO         4241    i.left1             motor.o
    0x08003cdc   0x08003cdc   0x00000018   Code   RO         4242    i.left2             motor.o
    0x08003cf4   0x08003cf4   0x0000001c   Code   RO         4243    i.left3             motor.o
    0x08003d10   0x08003d10   0x0000001c   Code   RO         4244    i.left4             motor.o
    0x08003d2c   0x08003d2c   0x00000140   Code   RO         3196    i.main              main.o
    0x08003e6c   0x08003e6c   0x00000048   Code   RO         4245    i.motor_gpio_init   motor.o
    0x08003eb4   0x08003eb4   0x00000078   Code   RO         4212    i.mpu6050_exti      mpu6050_exti.o
    0x08003f2c   0x08003f2c   0x0000005c   Code   RO         4081    i.mpu6050_read      mpu6050.o
    0x08003f88   0x08003f88   0x00000016   Code   RO         4082    i.mpu6050_read_reg  mpu6050.o
    0x08003f9e   0x08003f9e   0x00000044   Code   RO         4083    i.mpu6050_write     mpu6050.o
    0x08003fe2   0x08003fe2   0x00000012   Code   RO         4084    i.mpu6050_write_reg  mpu6050.o
    0x08003ff4   0x08003ff4   0x00000070   Code   RO         3563    i.mpu_configure_fifo  inv_mpu.o
    0x08004064   0x08004064   0x0000004c   Code   RO         3564    i.mpu_get_accel_fsr  inv_mpu.o
    0x080040b0   0x080040b0   0x00000054   Code   RO         3566    i.mpu_get_accel_sens  inv_mpu.o
    0x08004104   0x08004104   0x00000010   Code   RO         3571    i.mpu_get_fifo_config  inv_mpu.o
    0x08004114   0x08004114   0x00000044   Code   RO         3572    i.mpu_get_gyro_fsr  inv_mpu.o
    0x08004158   0x08004158   0x00000050   Code   RO         3574    i.mpu_get_gyro_sens  inv_mpu.o
    0x080041a8   0x080041a8   0x00000050   Code   RO         3576    i.mpu_get_lpf       inv_mpu.o
    0x080041f8   0x080041f8   0x00000020   Code   RO         3578    i.mpu_get_sample_rate  inv_mpu.o
    0x08004218   0x08004218   0x00000190   Code   RO         3580    i.mpu_init          inv_mpu.o
    0x080043a8   0x080043a8   0x000000b8   Code   RO         3581    i.mpu_load_firmware  inv_mpu.o
    0x08004460   0x08004460   0x000000e0   Code   RO         3582    i.mpu_lp_accel_mode  inv_mpu.o
    0x08004540   0x08004540   0x000000c0   Code   RO         3585    i.mpu_read_fifo_stream  inv_mpu.o
    0x08004600   0x08004600   0x00000080   Code   RO         3586    i.mpu_read_mem      inv_mpu.o
    0x08004680   0x08004680   0x000001c8   Code   RO         3589    i.mpu_reset_fifo    inv_mpu.o
    0x08004848   0x08004848   0x0000011c   Code   RO         3590    i.mpu_run_self_test  inv_mpu.o
    0x08004964   0x08004964   0x00000084   Code   RO         3592    i.mpu_set_accel_fsr  inv_mpu.o
    0x080049e8   0x080049e8   0x0000014c   Code   RO         3593    i.mpu_set_bypass    inv_mpu.o
    0x08004b34   0x08004b34   0x00000090   Code   RO         3595    i.mpu_set_dmp_state  inv_mpu.o
    0x08004bc4   0x08004bc4   0x00000088   Code   RO         3596    i.mpu_set_gyro_fsr  inv_mpu.o
    0x08004c4c   0x08004c4c   0x0000006c   Code   RO         3597    i.mpu_set_int_latched  inv_mpu.o
    0x08004cb8   0x08004cb8   0x00000084   Code   RO         3599    i.mpu_set_lpf       inv_mpu.o
    0x08004d3c   0x08004d3c   0x0000009c   Code   RO         3600    i.mpu_set_sample_rate  inv_mpu.o
    0x08004dd8   0x08004dd8   0x000000d0   Code   RO         3601    i.mpu_set_sensors   inv_mpu.o
    0x08004ea8   0x08004ea8   0x00000080   Code   RO         3602    i.mpu_write_mem     inv_mpu.o
    0x08004f28   0x08004f28   0x0000008c   Code   RO         4466    i.nrfrx             nrfrx.o
    0x08004fb4   0x08004fb4   0x00000014   Code   RO         3481    i.power             sys.o
    0x08004fc8   0x08004fc8   0x0000001a   Code   RO         4246    i.read_encoder2     motor.o
    0x08004fe2   0x08004fe2   0x00000002   PAD
    0x08004fe4   0x08004fe4   0x0000001c   Code   RO         4247    i.read_encoder3     motor.o
    0x08005000   0x08005000   0x00000094   Code   RO         3603    i.run_self_test     inv_mpu.o
    0x08005094   0x08005094   0x00000090   Code   RO         3604    i.set_int_enable    inv_mpu.o
    0x08005124   0x08005124   0x0000004c   Code   RO         4651    i.sqrt              m_ws.l(sqrt.o)
    0x08005170   0x08005170   0x00000024   Code   RO         4213    i.turn_speed_xianfu  mpu6050_exti.o
    0x08005194   0x08005194   0x000000a0   Code   RO         4300    i.velocity_PID_value  pid.o
    0x08005234   0x08005234   0x0000009c   Code   RO         4301    i.vertical_PID_value  pid.o
    0x080052d0   0x080052d0   0x00000048   Code   RO         4302    i.xianfu            pid.o
    0x08005318   0x08005318   0x00000062   Code   RO         4529    x$fpl$d2f           fz_ws.l(d2f.o)
    0x0800537a   0x0800537a   0x00000002   PAD
    0x0800537c   0x0800537c   0x00000150   Code   RO         4531    x$fpl$dadd          fz_ws.l(daddsub_clz.o)
    0x080054cc   0x080054cc   0x00000010   Code   RO         4684    x$fpl$dcheck1       fz_ws.l(dcheck1.o)
    0x080054dc   0x080054dc   0x000002b0   Code   RO         4538    x$fpl$ddiv          fz_ws.l(ddiv.o)
    0x0800578c   0x0800578c   0x00000154   Code   RO         4547    x$fpl$dmul          fz_ws.l(dmul.o)
    0x080058e0   0x080058e0   0x0000009c   Code   RO         4608    x$fpl$dnaninf       fz_ws.l(dnaninf.o)
    0x0800597c   0x0800597c   0x0000000c   Code   RO         4610    x$fpl$dretinf       fz_ws.l(dretinf.o)
    0x08005988   0x08005988   0x00000016   Code   RO         4532    x$fpl$drsb          fz_ws.l(daddsub_clz.o)
    0x0800599e   0x0800599e   0x00000002   PAD
    0x080059a0   0x080059a0   0x000001cc   Code   RO         4688    x$fpl$dsqrt         fz_ws.l(dsqrt_noumaal.o)
    0x08005b6c   0x08005b6c   0x000001d4   Code   RO         4533    x$fpl$dsub          fz_ws.l(daddsub_clz.o)
    0x08005d40   0x08005d40   0x00000056   Code   RO         4549    x$fpl$f2d           fz_ws.l(f2d.o)
    0x08005d96   0x08005d96   0x00000002   PAD
    0x08005d98   0x08005d98   0x000000c4   Code   RO         4551    x$fpl$fadd          fz_ws.l(faddsub_clz.o)
    0x08005e5c   0x08005e5c   0x00000018   Code   RO         4612    x$fpl$fcmpinf       fz_ws.l(fcmpi.o)
    0x08005e74   0x08005e74   0x00000184   Code   RO         4558    x$fpl$fdiv          fz_ws.l(fdiv.o)
    0x08005ff8   0x08005ff8   0x00000068   Code   RO         4561    x$fpl$feqf          fz_ws.l(feqf.o)
    0x08006060   0x08006060   0x00000036   Code   RO         4563    x$fpl$ffix          fz_ws.l(ffix.o)
    0x08006096   0x08006096   0x00000002   PAD
    0x08006098   0x08006098   0x0000003e   Code   RO         4567    x$fpl$ffixu         fz_ws.l(ffixu.o)
    0x080060d6   0x080060d6   0x00000002   PAD
    0x080060d8   0x080060d8   0x00000030   Code   RO         4572    x$fpl$fflt          fz_ws.l(fflt_clz.o)
    0x08006108   0x08006108   0x00000026   Code   RO         4571    x$fpl$ffltu         fz_ws.l(fflt_clz.o)
    0x0800612e   0x0800612e   0x00000002   PAD
    0x08006130   0x08006130   0x00000068   Code   RO         4577    x$fpl$fleqf         fz_ws.l(fleqf.o)
    0x08006198   0x08006198   0x00000102   Code   RO         4579    x$fpl$fmul          fz_ws.l(fmul.o)
    0x0800629a   0x0800629a   0x0000008c   Code   RO         4614    x$fpl$fnaninf       fz_ws.l(fnaninf.o)
    0x08006326   0x08006326   0x0000000a   Code   RO         4616    x$fpl$fretinf       fz_ws.l(fretinf.o)
    0x08006330   0x08006330   0x00000062   Code   RO         4581    x$fpl$frleqf        fz_ws.l(frleqf.o)
    0x08006392   0x08006392   0x00000014   Code   RO         4552    x$fpl$frsb          fz_ws.l(faddsub_clz.o)
    0x080063a6   0x080063a6   0x00000002   PAD
    0x080063a8   0x080063a8   0x000000ea   Code   RO         4553    x$fpl$fsub          fz_ws.l(faddsub_clz.o)
    0x08006492   0x08006492   0x00000064   Code   RO         4707    x$fpl$retnan        fz_ws.l(retnan.o)
    0x080064f6   0x080064f6   0x0000005c   Code   RO         4618    x$fpl$scalbn        fz_ws.l(scalbn.o)
    0x08006552   0x08006552   0x00000030   Code   RO         4760    x$fpl$trapveneer    fz_ws.l(trapv.o)
    0x08006582   0x08006582   0x00000000   Code   RO         4620    x$fpl$usenofp       fz_ws.l(usenofp.o)
    0x08006582   0x08006582   0x000005f0   Data   RO         3359    .constdata          oled.o
    0x08006b72   0x08006b72   0x00000002   PAD
    0x08006b74   0x08006b74   0x00000050   Data   RO         3605    .constdata          inv_mpu.o
    0x08006bc4   0x08006bc4   0x00000bf6   Data   RO         3922    .constdata          inv_mpu_dmp_motion_driver.o
    0x080077ba   0x080077ba   0x0000000a   Data   RO         4355    .constdata          nrf24l01.o
    0x080077c4   0x080077c4   0x00000004   PAD
    0x080077c8   0x080077c8   0x00000050   Data   RO         4585    .constdata          m_ws.l(asin.o)
    0x08007818   0x08007818   0x00000098   Data   RO         4623    .constdata          m_ws.l(atan.o)
    0x080078b0   0x080078b0   0x00000008   Data   RO         4649    .constdata          m_ws.l(qnan.o)
    0x080078b8   0x080078b8   0x00000020   Data   RO         4839    Region$$Table       anon$$obj.o


    Execution Region RW_IRAM1 (Exec base: 0x20000000, Load base: 0x080078d8, Size: 0x00000768, Max: 0x00005000, ABSOLUTE)

    Exec Addr    Load Addr    Size         Type   Attr      Idx    E Section Name        Object

    0x20000000   0x080078d8   0x00000018   Data   RW         3197    .data               main.o
    0x20000018   0x080078f0   0x00000035   Data   RW         3606    .data               inv_mpu.o
    0x2000004d   0x08007925   0x00000003   PAD
    0x20000050   0x08007928   0x00000030   Data   RW         4214    .data               mpu6050_exti.o
    0x20000080   0x08007958   0x00000020   Data   RW         4303    .data               pid.o
    0x200000a0   0x08007978   0x00000014   Data   RW         4469    .data               nrfrx.o
    0x200000b4   0x0800798c   0x0000000c   Data   RW         4495    .data               timer.o
    0x200000c0        -       0x00000010   Zero   RW         3921    .bss                inv_mpu_dmp_motion_driver.o
    0x200000d0        -       0x00000038   Zero   RW         4468    .bss                nrfrx.o
    0x20000108        -       0x00000060   Zero   RW         4691    .bss                c_w.l(libspace.o)
    0x20000168        -       0x00000200   Zero   RW           18    HEAP                startup_stm32f10x_md.o
    0x20000368        -       0x00000400   Zero   RW           17    STACK               startup_stm32f10x_md.o


==============================================================================

Image component sizes


      Code (inc. data)   RO Data    RW Data    ZI Data      Debug   Object Name

         0          0          0          0          0       4540   core_cm3.o
        70          0          0          0          0        946   delay.o
       340         12          0          0          0       1332   encoder.o
      6686        214         80         53          0      29586   inv_mpu.o
      3092        124       3062          0         16      19986   inv_mpu_dmp_motion_driver.o
       320         78          0         24          0        969   main.o
       112         12          0          0          0     206484   misc.o
       408         34          0          0          0       4324   motor.o
       546          0          0          0          0       6321   mpu6050.o
       616         90          0         48          0       2344   mpu6050_exti.o
       544         76          0          0          0       4836   mpu6050_i2c.o
       830         48         10          0          0       9081   nrf24l01.o
       240         40          0         20         56       1691   nrfrx.o
       848         22       1520          0          0       7735   oled.o
       464         68          0         32          0       2770   pid.o
       180         10          0          0          0        756   pwm.o
        64         26        236          0       1536        792   startup_stm32f10x_md.o
         0          0          0          0          0       1668   stm32f10x_adc.o
       160         12          0          0          0       3553   stm32f10x_exti.o
       378          4          0          0          0      13010   stm32f10x_gpio.o
        26          0          0          0          0       3846   stm32f10x_it.o
        64         12          0          0          0       1098   stm32f10x_rcc.o
      1530        180          0          0          0      35799   stm32f10x_tim.o
       196          4          0          0          0       3611   sys.o
       328         28          0          0          0      30553   system_stm32f10x.o
       220         44          0         12          0       1051   timer.o

    ----------------------------------------------------------------------
     18290       1138       4946        192       1608     398682   Object Totals
         0          0         32          0          0          0   (incl. Generated)
        28          0          6          3          0          0   (incl. Padding)

    ----------------------------------------------------------------------

      Code (inc. data)   RO Data    RW Data    ZI Data      Debug   Library Member Name

         8          0          0          0          0         68   __main.o
         0          0          0          0          0          0   __rtentry.o
        12          0          0          0          0          0   __rtentry2.o
         6          0          0          0          0          0   __rtentry4.o
        52          8          0          0          0          0   __scatter.o
        26          0          0          0          0          0   __scatter_copy.o
        28          0          0          0          0          0   __scatter_zi.o
        22          0          0          0          0        100   _rserrno.o
        16          0          0          0          0         68   aeabi_memset.o
        18          0          0          0          0         80   exit.o
         6          0          0          0          0        152   heapauxi.o
         0          0          0          0          0          0   indicate_semi.o
         2          0          0          0          0          0   libinit.o
         2          0          0          0          0          0   libinit2.o
         2          0          0          0          0          0   libshutdown.o
         2          0          0          0          0          0   libshutdown2.o
         8          4          0          0         96         68   libspace.o
        72          0          0          0          0         76   llsdiv.o
       238          0          0          0          0        100   lludivv7m.o
        88          0          0          0          0         76   memcmp.o
         8          4          0          0          0         68   rt_errno_addr_intlibspace.o
        68          0          0          0          0         68   rt_memclr.o
        78          0          0          0          0         80   rt_memclr_w.o
         2          0          0          0          0          0   rtexit.o
        10          0          0          0          0          0   rtexit2.o
        12          4          0          0          0         68   sys_exit.o
        74          0          0          0          0         80   sys_stackheap_outer.o
         2          0          0          0          0         68   use_no_semi.o
        98          4          0          0          0         92   d2f.o
       826         16          0          0          0        348   daddsub_clz.o
        16          4          0          0          0         68   dcheck1.o
       688        140          0          0          0        208   ddiv.o
       340         12          0          0          0        104   dmul.o
       156          4          0          0          0         92   dnaninf.o
        12          0          0          0          0         68   dretinf.o
       460         56          0          0          0        120   dsqrt_noumaal.o
        86          4          0          0          0         84   f2d.o
       450          8          0          0          0        236   faddsub_clz.o
        24          0          0          0          0         68   fcmpi.o
       388         76          0          0          0         96   fdiv.o
       104          4          0          0          0         84   feqf.o
        54          4          0          0          0         84   ffix.o
        62          4          0          0          0         84   ffixu.o
        86          0          0          0          0        136   fflt_clz.o
       104          4          0          0          0         84   fleqf.o
       258          4          0          0          0         84   fmul.o
       140          4          0          0          0         84   fnaninf.o
        10          0          0          0          0         68   fretinf.o
        98          0          0          0          0         68   frleqf.o
       100          0          0          0          0         68   retnan.o
        92          0          0          0          0         68   scalbn.o
        48          0          0          0          0         68   trapv.o
         0          0          0          0          0          0   usenofp.o
       624         52         80          0          0        168   asin.o
       544         70        152          0          0        124   atan.o
       384         38          0          0          0        144   atan2.o
        38          6          0          0          0        272   dunder.o
        40          0          0          0          0         68   fpclassify.o
       170          0          0          0          0         96   poly.o
         0          0          8          0          0          0   qnan.o
        76          0          0          0          0         84   sqrt.o

    ----------------------------------------------------------------------
      7460        534        240          0         96       4740   Library Totals
        22          0          0          0          0          0   (incl. Padding)

    ----------------------------------------------------------------------

      Code (inc. data)   RO Data    RW Data    ZI Data      Debug   Library Name

       862         20          0          0         96       1220   c_w.l
      4700        348          0          0          0       2564   fz_ws.l
      1876        166        240          0          0        956   m_ws.l

    ----------------------------------------------------------------------
      7460        534        240          0         96       4740   Library Totals

    ----------------------------------------------------------------------

==============================================================================


      Code (inc. data)   RO Data    RW Data    ZI Data      Debug   

     25750       1672       5186        192       1704     391926   Grand Totals
     25750       1672       5186        192       1704     391926   ELF Image Totals
     25750       1672       5186        192          0          0   ROM Totals

==============================================================================

    Total RO  Size (Code + RO Data)                30936 (  30.21kB)
    Total RW  Size (RW Data + ZI Data)              1896 (   1.85kB)
    Total ROM Size (Code + RO Data + RW Data)      31128 (  30.40kB)

==============================================================================

